Archive member included to satisfy reference by file (symbol)

/opt/st/stm32cubeide_1.15.1/plugins/com.st.stm32cube.ide.mcu.externaltools.gnu-tools-for-stm32.12.3.rel1.linux64_1.0.100.202403111256/tools/bin/../lib/gcc/arm-none-eabi/12.3.1/../../../../arm-none-eabi/lib/thumb/v7e-m+fp/hard/libc_nano.a(libc_a-exit.o)
                              /opt/st/stm32cubeide_1.15.1/plugins/com.st.stm32cube.ide.mcu.externaltools.gnu-tools-for-stm32.12.3.rel1.linux64_1.0.100.202403111256/tools/bin/../lib/gcc/arm-none-eabi/12.3.1/../../../../arm-none-eabi/lib/thumb/v7e-m+fp/hard/crt0.o (exit)
/opt/st/stm32cubeide_1.15.1/plugins/com.st.stm32cube.ide.mcu.externaltools.gnu-tools-for-stm32.12.3.rel1.linux64_1.0.100.202403111256/tools/bin/../lib/gcc/arm-none-eabi/12.3.1/../../../../arm-none-eabi/lib/thumb/v7e-m+fp/hard/libc_nano.a(libc_a-malloc.o)
                              ./Middlewares/ST/STM32_USB_Device_Library/Class/CDC/Src/usbd_cdc.o (malloc)
/opt/st/stm32cubeide_1.15.1/plugins/com.st.stm32cube.ide.mcu.externaltools.gnu-tools-for-stm32.12.3.rel1.linux64_1.0.100.202403111256/tools/bin/../lib/gcc/arm-none-eabi/12.3.1/../../../../arm-none-eabi/lib/thumb/v7e-m+fp/hard/libc_nano.a(libc_a-mallocr.o)
                              /opt/st/stm32cubeide_1.15.1/plugins/com.st.stm32cube.ide.mcu.externaltools.gnu-tools-for-stm32.12.3.rel1.linux64_1.0.100.202403111256/tools/bin/../lib/gcc/arm-none-eabi/12.3.1/../../../../arm-none-eabi/lib/thumb/v7e-m+fp/hard/libc_nano.a(libc_a-malloc.o) (_malloc_r)
/opt/st/stm32cubeide_1.15.1/plugins/com.st.stm32cube.ide.mcu.externaltools.gnu-tools-for-stm32.12.3.rel1.linux64_1.0.100.202403111256/tools/bin/../lib/gcc/arm-none-eabi/12.3.1/../../../../arm-none-eabi/lib/thumb/v7e-m+fp/hard/libc_nano.a(libc_a-mlock.o)
                              /opt/st/stm32cubeide_1.15.1/plugins/com.st.stm32cube.ide.mcu.externaltools.gnu-tools-for-stm32.12.3.rel1.linux64_1.0.100.202403111256/tools/bin/../lib/gcc/arm-none-eabi/12.3.1/../../../../arm-none-eabi/lib/thumb/v7e-m+fp/hard/libc_nano.a(libc_a-mallocr.o) (__malloc_lock)
/opt/st/stm32cubeide_1.15.1/plugins/com.st.stm32cube.ide.mcu.externaltools.gnu-tools-for-stm32.12.3.rel1.linux64_1.0.100.202403111256/tools/bin/../lib/gcc/arm-none-eabi/12.3.1/../../../../arm-none-eabi/lib/thumb/v7e-m+fp/hard/libc_nano.a(libc_a-findfp.o)
                              ./Middlewares/Third_Party/FreeRTOS/Source/tasks.o (__sf)
/opt/st/stm32cubeide_1.15.1/plugins/com.st.stm32cube.ide.mcu.externaltools.gnu-tools-for-stm32.12.3.rel1.linux64_1.0.100.202403111256/tools/bin/../lib/gcc/arm-none-eabi/12.3.1/../../../../arm-none-eabi/lib/thumb/v7e-m+fp/hard/libc_nano.a(libc_a-fwalk.o)
                              /opt/st/stm32cubeide_1.15.1/plugins/com.st.stm32cube.ide.mcu.externaltools.gnu-tools-for-stm32.12.3.rel1.linux64_1.0.100.202403111256/tools/bin/../lib/gcc/arm-none-eabi/12.3.1/../../../../arm-none-eabi/lib/thumb/v7e-m+fp/hard/libc_nano.a(libc_a-findfp.o) (_fwalk_sglue)
/opt/st/stm32cubeide_1.15.1/plugins/com.st.stm32cube.ide.mcu.externaltools.gnu-tools-for-stm32.12.3.rel1.linux64_1.0.100.202403111256/tools/bin/../lib/gcc/arm-none-eabi/12.3.1/../../../../arm-none-eabi/lib/thumb/v7e-m+fp/hard/libc_nano.a(libc_a-stdio.o)
                              /opt/st/stm32cubeide_1.15.1/plugins/com.st.stm32cube.ide.mcu.externaltools.gnu-tools-for-stm32.12.3.rel1.linux64_1.0.100.202403111256/tools/bin/../lib/gcc/arm-none-eabi/12.3.1/../../../../arm-none-eabi/lib/thumb/v7e-m+fp/hard/libc_nano.a(libc_a-findfp.o) (__sread)
/opt/st/stm32cubeide_1.15.1/plugins/com.st.stm32cube.ide.mcu.externaltools.gnu-tools-for-stm32.12.3.rel1.linux64_1.0.100.202403111256/tools/bin/../lib/gcc/arm-none-eabi/12.3.1/../../../../arm-none-eabi/lib/thumb/v7e-m+fp/hard/libc_nano.a(libc_a-memset.o)
                              /opt/st/stm32cubeide_1.15.1/plugins/com.st.stm32cube.ide.mcu.externaltools.gnu-tools-for-stm32.12.3.rel1.linux64_1.0.100.202403111256/tools/bin/../lib/gcc/arm-none-eabi/12.3.1/../../../../arm-none-eabi/lib/thumb/v7e-m+fp/hard/crt0.o (memset)
/opt/st/stm32cubeide_1.15.1/plugins/com.st.stm32cube.ide.mcu.externaltools.gnu-tools-for-stm32.12.3.rel1.linux64_1.0.100.202403111256/tools/bin/../lib/gcc/arm-none-eabi/12.3.1/../../../../arm-none-eabi/lib/thumb/v7e-m+fp/hard/libc_nano.a(libc_a-closer.o)
                              /opt/st/stm32cubeide_1.15.1/plugins/com.st.stm32cube.ide.mcu.externaltools.gnu-tools-for-stm32.12.3.rel1.linux64_1.0.100.202403111256/tools/bin/../lib/gcc/arm-none-eabi/12.3.1/../../../../arm-none-eabi/lib/thumb/v7e-m+fp/hard/libc_nano.a(libc_a-stdio.o) (_close_r)
/opt/st/stm32cubeide_1.15.1/plugins/com.st.stm32cube.ide.mcu.externaltools.gnu-tools-for-stm32.12.3.rel1.linux64_1.0.100.202403111256/tools/bin/../lib/gcc/arm-none-eabi/12.3.1/../../../../arm-none-eabi/lib/thumb/v7e-m+fp/hard/libc_nano.a(libc_a-reent.o)
                              ./Middlewares/Third_Party/FreeRTOS/Source/tasks.o (_reclaim_reent)
[...]
Memory Configuration

Name             Origin             Length             Attributes
RAM              0x20000000         0x00050000         xrw
FLASH            0x08000000         0x00100000         xr
*default*        0x00000000         0xffffffff

Linker script and memory map

LOAD /opt/st/stm32cubeide_1.15.1/plugins/com.st.stm32cube.ide.mcu.externaltools.gnu-tools-for-stm32.12.3.rel1.linux64_1.0.100.202403111256/tools/bin/../lib/gcc/arm-none-eabi/12.3.1/thumb/v7e-m+fp/hard/crti.o
LOAD /opt/st/stm32cubeide_1.15.1/plugins/com.st.stm32cube.ide.mcu.externaltools.gnu-tools-for-stm32.12.3.rel1.linux64_1.0.100.202403111256/tools/bin/../lib/gcc/arm-none-eabi/12.3.1/thumb/v7e-m+fp/hard/crtbegin.o
LOAD /opt/st/stm32cubeide_1.15.1/plugins/com.st.stm32cube.ide.mcu.externaltools.gnu-tools-for-stm32.12.3.rel1.linux64_1.0.100.202403111256/tools/bin/../lib/gcc/arm-none-eabi/12.3.1/../../../../arm-none-eabi/lib/thumb/v7e-m+fp/hard/crt0.o
LOAD ./Core/Src/freertos.o
LOAD ./Core/Src/main.o
LOAD ./Core/Src/stm32f7xx_hal_msp.o
LOAD ./Core/Src/stm32f7xx_hal_timebase_tim.o
LOAD ./Core/Src/stm32f7xx_it.o
LOAD ./Core/Src/stm32f7xx_mod.o
LOAD ./Core/Src/syscalls.o
LOAD ./Core/Src/sysmem.o
LOAD ./Core/Src/system_stm32f7xx.o
LOAD ./Core/Startup/startup_stm32f746nghx.o
LOAD ./Drivers/STM32F7xx_HAL_Driver/Src/stm32f7xx_hal.o
LOAD ./Drivers/STM32F7xx_HAL_Driver/Src/stm32f7xx_hal_cortex.o
LOAD ./Drivers/STM32F7xx_HAL_Driver/Src/stm32f7xx_hal_dma.o
LOAD ./Drivers/STM32F7xx_HAL_Driver/Src/stm32f7xx_hal_dma_ex.o
LOAD ./Drivers/STM32F7xx_HAL_Driver/Src/stm32f7xx_hal_exti.o
LOAD ./Drivers/STM32F7xx_HAL_Driver/Src/stm32f7xx_hal_flash.o
LOAD ./Drivers/STM32F7xx_HAL_Driver/Src/stm32f7xx_hal_flash_ex.o
LOAD ./Drivers/STM32F7xx_HAL_Driver/Src/stm32f7xx_hal_gpio.o
LOAD ./Drivers/STM32F7xx_HAL_Driver/Src/stm32f7xx_hal_i2c.o
LOAD ./Drivers/STM32F7xx_HAL_Driver/Src/stm32f7xx_hal_i2c_ex.o
LOAD ./Drivers/STM32F7xx_HAL_Driver/Src/stm32f7xx_hal_pcd.o
LOAD ./Drivers/STM32F7xx_HAL_Driver/Src/stm32f7xx_hal_pcd_ex.o
LOAD ./Drivers/STM32F7xx_HAL_Driver/Src/stm32f7xx_hal_pwr.o
LOAD ./Drivers/STM32F7xx_HAL_Driver/Src/stm32f7xx_hal_pwr_ex.o
LOAD ./Drivers/STM32F7xx_HAL_Driver/Src/stm32f7xx_hal_rcc.o
LOAD ./Drivers/STM32F7xx_HAL_Driver/Src/stm32f7xx_hal_rcc_ex.o
LOAD ./Drivers/STM32F7xx_HAL_Driver/Src/stm32f7xx_hal_tim.o
LOAD ./Drivers/STM32F7xx_HAL_Driver/Src/stm32f7xx_hal_tim_ex.o
LOAD ./Drivers/STM32F7xx_HAL_Driver/Src/stm32f7xx_hal_uart.o
LOAD ./Drivers/STM32F7xx_HAL_Driver/Src/stm32f7xx_hal_uart_ex.o
LOAD ./Drivers/STM32F7xx_HAL_Driver/Src/stm32f7xx_ll_usb.o
LOAD ./Middlewares/ST/STM32_USB_Device_Library/Class/CDC/Src/usbd_cdc.o
LOAD ./Middlewares/ST/STM32_USB_Device_Library/Core/Src/usbd_core.o
LOAD ./Middlewares/ST/STM32_USB_Device_Library/Core/Src/usbd_ctlreq.o
LOAD ./Middlewares/ST/STM32_USB_Device_Library/Core/Src/usbd_ioreq.o
LOAD ./Middlewares/Third_Party/FreeRTOS/Source/CMSIS_RTOS_V2/cmsis_os2.o
LOAD ./Middlewares/Third_Party/FreeRTOS/Source/croutine.o
LOAD ./Middlewares/Third_Party/FreeRTOS/Source/event_groups.o
LOAD ./Middlewares/Third_Party/FreeRTOS/Source/list.o
LOAD ./Middlewares/Third_Party/FreeRTOS/Source/queue.o
LOAD ./Middlewares/Third_Party/FreeRTOS/Source/stream_buffer.o
LOAD ./Middlewares/Third_Party/FreeRTOS/Source/tasks.o
LOAD ./Middlewares/Third_Party/FreeRTOS/Source/timers.o
LOAD ./Middlewares/Third_Party/FreeRTOS/Source/portable/GCC/ARM_CM7/r0p1/port.o
LOAD ./Middlewares/Third_Party/FreeRTOS/Source/portable/MemMang/heap_4.o
LOAD ./USB_DEVICE/App/usb_device.o
LOAD ./USB_DEVICE/App/usbd_cdc_if.o
LOAD ./USB_DEVICE/App/usbd_desc.o
LOAD ./USB_DEVICE/Target/usbd_conf.o
START GROUP
LOAD /opt/st/stm32cubeide_1.15.1/plugins/com.st.stm32cube.ide.mcu.externaltools.gnu-tools-for-stm32.12.3.rel1.linux64_1.0.100.202403111256/tools/bin/../lib/gcc/arm-none-eabi/12.3.1/../../../../arm-none-eabi/lib/thumb/v7e-m+fp/hard/libc_nano.a
LOAD /opt/st/stm32cubeide_1.15.1/plugins/com.st.stm32cube.ide.mcu.externaltools.gnu-tools-for-stm32.12.3.rel1.linux64_1.0.100.202403111256/tools/bin/../lib/gcc/arm-none-eabi/12.3.1/../../../../arm-none-eabi/lib/thumb/v7e-m+fp/hard/libm.a
END GROUP
START GROUP
LOAD /opt/st/stm32cubeide_1.15.1/plugins/com.st.stm32cube.ide.mcu.externaltools.gnu-tools-for-stm32.12.3.rel1.linux64_1.0.100.202403111256/tools/bin/../lib/gcc/arm-none-eabi/12.3.1/thumb/v7e-m+fp/hard/libgcc.a
LOAD /opt/st/stm32cubeide_1.15.1/plugins/com.st.stm32cube.ide.mcu.externaltools.gnu-tools-for-stm32.12.3.rel1.linux64_1.0.100.202403111256/tools/bin/../lib/gcc/arm-none-eabi/12.3.1/../../../../arm-none-eabi/lib/thumb/v7e-m+fp/hard/libc_nano.a
END GROUP
START GROUP
LOAD /opt/st/stm32cubeide_1.15.1/plugins/com.st.stm32cube.ide.mcu.externaltools.gnu-tools-for-stm32.12.3.rel1.linux64_1.0.100.202403111256/tools/bin/../lib/gcc/arm-none-eabi/12.3.1/thumb/v7e-m+fp/hard/libgcc.a
LOAD /opt/st/stm32cubeide_1.15.1/plugins/com.st.stm32cube.ide.mcu.externaltools.gnu-tools-for-stm32.12.3.rel1.linux64_1.0.100.202403111256/tools/bin/../lib/gcc/arm-none-eabi/12.3.1/../../../../arm-none-eabi/lib/thumb/v7e-m+fp/hard/libc_nano.a
LOAD /opt/st/stm32cubeide_1.15.1/plugins/com.st.stm32cube.ide.mcu.externaltools.gnu-tools-for-stm32.12.3.rel1.linux64_1.0.100.202403111256/tools/bin/../lib/gcc/arm-none-eabi/12.3.1/../../../../arm-none-eabi/lib/thumb/v7e-m+fp/hard/libnosys.a
END GROUP
START GROUP
LOAD /opt/st/stm32cubeide_1.15.1/plugins/com.st.stm32cube.ide.mcu.externaltools.gnu-tools-for-stm32.12.3.rel1.linux64_1.0.100.202403111256/tools/bin/../lib/gcc/arm-none-eabi/12.3.1/thumb/v7e-m+fp/hard/libgcc.a
LOAD /opt/st/stm32cubeide_1.15.1/plugins/com.st.stm32cube.ide.mcu.externaltools.gnu-tools-for-stm32.12.3.rel1.linux64_1.0.100.202403111256/tools/bin/../lib/gcc/arm-none-eabi/12.3.1/../../../../arm-none-eabi/lib/thumb/v7e-m+fp/hard/libc_nano.a
LOAD /opt/st/stm32cubeide_1.15.1/plugins/com.st.stm32cube.ide.mcu.externaltools.gnu-tools-for-stm32.12.3.rel1.linux64_1.0.100.202403111256/tools/bin/../lib/gcc/arm-none-eabi/12.3.1/../../../../arm-none-eabi/lib/thumb/v7e-m+fp/hard/libnosys.a
END GROUP
LOAD /opt/st/stm32cubeide_1.15.1/plugins/com.st.stm32cube.ide.mcu.externaltools.gnu-tools-for-stm32.12.3.rel1.linux64_1.0.100.202403111256/tools/bin/../lib/gcc/arm-none-eabi/12.3.1/thumb/v7e-m+fp/hard/crtend.o
LOAD /opt/st/stm32cubeide_1.15.1/plugins/com.st.stm32cube.ide.mcu.externaltools.gnu-tools-for-stm32.12.3.rel1.linux64_1.0.100.202403111256/tools/bin/../lib/gcc/arm-none-eabi/12.3.1/thumb/v7e-m+fp/hard/crtn.o
                0x20050000                        _estack = (ORIGIN (RAM) + LENGTH (RAM))
                0x00000200                        _Min_Heap_Size = 0x200
                0x00000400                        _Min_Stack_Size = 0x400

.isr_vector     0x08000000      0x1c8
                0x08000000                        . = ALIGN (0x4)
 *(.isr_vector)
 .isr_vector    0x08000000      0x1c8 ./Core/Startup/startup_stm32f746nghx.o
                0x08000000                g_pfnVectors
                0x080001c8                        . = ALIGN (0x4)

.text           0x080001d0     0xbcc0
                0x080001d0                        . = ALIGN (0x4)
 *(.text)
 .text          0x080001d0       0x40 /opt/st/stm32cubeide_1.15.1/plugins/com.st.stm32cube.ide.mcu.externaltools.gnu-tools-for-stm32.12.3.rel1.linux64_1.0.100.202403111256/tools/bin/../lib/gcc/arm-none-eabi/12.3.1/thumb/v7e-m+fp/hard/crtbegin.o
 .text          0x08000210       0x10 /opt/st/stm32cubeide_1.15.1/plugins/com.st.stm32cube.ide.mcu.externaltools.gnu-tools-for-stm32.12.3.rel1.linux64_1.0.100.202403111256/tools/bin/../lib/gcc/arm-none-eabi/12.3.1/../../../../arm-none-eabi/lib/thumb/v7e-m+fp/hard/libc_nano.a(libc_a-strlen.o)
                0x08000210                strlen
 .text          0x08000220       0x30 /opt/st/stm32cubeide_1.15.1/plugins/com.st.stm32cube.ide.mcu.externaltools.gnu-tools-for-stm32.12.3.rel1.linux64_1.0.100.202403111256/tools/bin/../lib/gcc/arm-none-eabi/12.3.1/thumb/v7e-m+fp/hard/libgcc.a(_aeabi_uldivmod.o)
                0x08000220                __aeabi_uldivmod
 .text          0x08000250      0x2bc /opt/st/stm32cubeide_1.15.1/plugins/com.st.stm32cube.ide.mcu.externaltools.gnu-tools-for-stm32.12.3.rel1.linux64_1.0.100.202403111256/tools/bin/../lib/gcc/arm-none-eabi/12.3.1/thumb/v7e-m+fp/hard/libgcc.a(_udivmoddi4.o)
                0x08000250                __udivmoddi4
 .text          0x0800050c        0x4 /opt/st/stm32cubeide_1.15.1/plugins/com.st.stm32cube.ide.mcu.externaltools.gnu-tools-for-stm32.12.3.rel1.linux64_1.0.100.202403111256/tools/bin/../lib/gcc/arm-none-eabi/12.3.1/thumb/v7e-m+fp/hard/libgcc.a(_dvmd_tls.o)
                0x0800050c                __aeabi_ldiv0
                0x0800050c                __aeabi_idiv0
 *(.text*)
 .text.SCB_EnableICache
                0x08000510       0x4c ./Core/Src/main.o
 .text.SCB_EnableDCache
                0x0800055c       0x88 ./Core/Src/main.o
 .text.main     0x080005e4       0x48 ./Core/Src/main.o
                0x080005e4                main
 .text.SystemClock_Config
                0x0800062c       0xdc ./Core/Src/main.o
                0x0800062c                SystemClock_Config
 .text.MX_UART4_Init
                0x08000708       0x60 ./Core/Src/main.o
 .text.MX_USART1_UART_Init
                0x08000768       0x60 ./Core/Src/main.o
 .text.MX_GPIO_Init
                0x080007c8       0xc4 ./Core/Src/main.o
 .text.StartDefaultTask
                0x0800088c       0x2c ./Core/Src/main.o
                0x0800088c                StartDefaultTask
 .text.HAL_TIM_PeriodElapsedCallback
                0x080008b8       0x24 ./Core/Src/main.o
                0x080008b8                HAL_TIM_PeriodElapsedCallback
 .text.Error_Handler
                0x080008dc        0xc ./Core/Src/main.o
                0x080008dc                Error_Handler
 .text.HAL_MspInit
                0x080008e8       0x60 ./Core/Src/stm32f7xx_hal_msp.o
                0x080008e8                HAL_MspInit
 .text.HAL_UART_MspInit
                0x08000948      0x190 ./Core/Src/stm32f7xx_hal_msp.o
                0x08000948                HAL_UART_MspInit
 .text.HAL_InitTick
                0x08000ad8       0xe4 ./Core/Src/stm32f7xx_hal_timebase_tim.o
                0x08000ad8                HAL_InitTick
 .text.NMI_Handler
                0x08000bbc        0x8 ./Core/Src/stm32f7xx_it.o
                0x08000bbc                NMI_Handler
 .text.HardFault_Handler
                0x08000bc4        0x8 ./Core/Src/stm32f7xx_it.o
                0x08000bc4                HardFault_Handler
 .text.MemManage_Handler
                0x08000bcc        0x8 ./Core/Src/stm32f7xx_it.o
                0x08000bcc                MemManage_Handler
 .text.BusFault_Handler
                0x08000bd4        0x8 ./Core/Src/stm32f7xx_it.o
                0x08000bd4                BusFault_Handler
 .text.UsageFault_Handler
                0x08000bdc        0x8 ./Core/Src/stm32f7xx_it.o
                0x08000bdc                UsageFault_Handler
 .text.DebugMon_Handler
                0x08000be4        0xe ./Core/Src/stm32f7xx_it.o
                0x08000be4                DebugMon_Handler
 .text.RCC_IRQHandler
                0x08000bf2        0xe ./Core/Src/stm32f7xx_it.o
                0x08000bf2                RCC_IRQHandler
 .text.TIM1_UP_TIM10_IRQHandler
                0x08000c00       0x14 ./Core/Src/stm32f7xx_it.o
                0x08000c00                TIM1_UP_TIM10_IRQHandler
 .text.OTG_FS_IRQHandler
                0x08000c14       0x14 ./Core/Src/stm32f7xx_it.o
                0x08000c14                OTG_FS_IRQHandler
 .text.mod_toggle_led1
                0x08000c28       0x14 ./Core/Src/stm32f7xx_mod.o
                0x08000c28                mod_toggle_led1
 .text._mod_led_quick_toggle
                0x08000c3c       0x32 ./Core/Src/stm32f7xx_mod.o
                0x08000c3c                _mod_led_quick_toggle
 *fill*         0x08000c6e        0x2 
 .text.mod_send_usb_test_data
                0x08000c70       0x4c ./Core/Src/stm32f7xx_mod.o
                0x08000c70                mod_send_usb_test_data
 .text.mod_send_uart_test_logs
                0x08000cbc       0x58 ./Core/Src/stm32f7xx_mod.o
                0x08000cbc                mod_send_uart_test_logs
 .text._sbrk    0x08000d14       0x6c ./Core/Src/sysmem.o
                0x08000d14                _sbrk
 .text.SystemInit
                0x08000d80       0x24 ./Core/Src/system_stm32f7xx.o
                0x08000d80                SystemInit
 .text.Reset_Handler
                0x08000da4       0x50 ./Core/Startup/startup_stm32f746nghx.o
                0x08000da4                Reset_Handler
 .text.Default_Handler
                0x08000df4        0x2 ./Core/Startup/startup_stm32f746nghx.o
                0x08000df4                RTC_Alarm_IRQHandler
                0x08000df4                EXTI2_IRQHandler
                0x08000df4                TIM8_CC_IRQHandler
                0x08000df4                UART8_IRQHandler
                0x08000df4                SPI4_IRQHandler
                0x08000df4                TIM1_CC_IRQHandler
                0x08000df4                DMA2_Stream5_IRQHandler
                0x08000df4                DMA1_Stream5_IRQHandler
                0x08000df4                PVD_IRQHandler
                0x08000df4                TAMP_STAMP_IRQHandler
                0x08000df4                CAN2_RX1_IRQHandler
                0x08000df4                EXTI3_IRQHandler
                0x08000df4                TIM8_TRG_COM_TIM14_IRQHandler
                0x08000df4                TIM8_UP_TIM13_IRQHandler
                0x08000df4                I2C3_ER_IRQHandler
                0x08000df4                EXTI0_IRQHandler
                0x08000df4                I2C2_EV_IRQHandler
                0x08000df4                DMA1_Stream2_IRQHandler
                0x08000df4                CAN1_RX0_IRQHandler
                0x08000df4                FPU_IRQHandler
                0x08000df4                OTG_HS_WKUP_IRQHandler
                0x08000df4                LTDC_ER_IRQHandler
                0x08000df4                CAN2_SCE_IRQHandler
                0x08000df4                DMA2_Stream2_IRQHandler
                0x08000df4                SPI1_IRQHandler
                0x08000df4                TIM6_DAC_IRQHandler
                0x08000df4                TIM1_BRK_TIM9_IRQHandler
                0x08000df4                DCMI_IRQHandler
                0x08000df4                CAN2_RX0_IRQHandler
                0x08000df4                DMA2_Stream3_IRQHandler
                0x08000df4                SAI2_IRQHandler
                0x08000df4                USART6_IRQHandler
                0x08000df4                USART3_IRQHandler
                0x08000df4                CAN1_RX1_IRQHandler
                0x08000df4                UART5_IRQHandler
                0x08000df4                DMA2_Stream0_IRQHandler
                0x08000df4                TIM4_IRQHandler
                0x08000df4                QUADSPI_IRQHandler
                0x08000df4                I2C1_EV_IRQHandler
                0x08000df4                DMA1_Stream6_IRQHandler
                0x08000df4                DMA1_Stream1_IRQHandler
                0x08000df4                UART4_IRQHandler
                0x08000df4                TIM3_IRQHandler
                0x08000df4                TIM8_BRK_TIM12_IRQHandler
                0x08000df4                Default_Handler
                0x08000df4                CEC_IRQHandler
                0x08000df4                EXTI15_10_IRQHandler
                0x08000df4                ADC_IRQHandler
                0x08000df4                DMA1_Stream7_IRQHandler
                0x08000df4                SPI5_IRQHandler
                0x08000df4                TIM7_IRQHandler
                0x08000df4                SDMMC1_IRQHandler
                0x08000df4                CAN2_TX_IRQHandler
                0x08000df4                TIM5_IRQHandler
                0x08000df4                DMA2_Stream7_IRQHandler
                0x08000df4                I2C3_EV_IRQHandler
                0x08000df4                EXTI9_5_IRQHandler
                0x08000df4                RTC_WKUP_IRQHandler
                0x08000df4                LTDC_IRQHandler
                0x08000df4                ETH_WKUP_IRQHandler
                0x08000df4                SPDIF_RX_IRQHandler
                0x08000df4                SPI2_IRQHandler
                0x08000df4                OTG_HS_EP1_IN_IRQHandler
                0x08000df4                DMA1_Stream0_IRQHandler
                0x08000df4                CAN1_TX_IRQHandler
                0x08000df4                EXTI4_IRQHandler
                0x08000df4                RNG_IRQHandler
                0x08000df4                ETH_IRQHandler
                0x08000df4                OTG_HS_EP1_OUT_IRQHandler
                0x08000df4                WWDG_IRQHandler
                0x08000df4                SPI6_IRQHandler
                0x08000df4                I2C4_EV_IRQHandler
                0x08000df4                TIM2_IRQHandler
                0x08000df4                OTG_FS_WKUP_IRQHandler
                0x08000df4                TIM1_TRG_COM_TIM11_IRQHandler
                0x08000df4                OTG_HS_IRQHandler
                0x08000df4                DMA2D_IRQHandler
                0x08000df4                EXTI1_IRQHandler
                0x08000df4                UART7_IRQHandler
                0x08000df4                USART2_IRQHandler
                0x08000df4                I2C2_ER_IRQHandler
                0x08000df4                DMA2_Stream1_IRQHandler
                0x08000df4                CAN1_SCE_IRQHandler
                0x08000df4                FLASH_IRQHandler
                0x08000df4                DMA2_Stream4_IRQHandler
                0x08000df4                USART1_IRQHandler
                0x08000df4                SPI3_IRQHandler
                0x08000df4                DMA1_Stream4_IRQHandler
                0x08000df4                I2C1_ER_IRQHandler
                0x08000df4                FMC_IRQHandler
                0x08000df4                LPTIM1_IRQHandler
                0x08000df4                I2C4_ER_IRQHandler
                0x08000df4                DMA2_Stream6_IRQHandler
                0x08000df4                SAI1_IRQHandler
                0x08000df4                DMA1_Stream3_IRQHandler
 *fill*         0x08000df6        0x2 
 .text.HAL_Init
                0x08000df8       0x38 ./Drivers/STM32F7xx_HAL_Driver/Src/stm32f7xx_hal.o
                0x08000df8                HAL_Init
 .text.HAL_IncTick
                0x08000e30       0x28 ./Drivers/STM32F7xx_HAL_Driver/Src/stm32f7xx_hal.o
                0x08000e30                HAL_IncTick
 .text.HAL_GetTick
                0x08000e58       0x18 ./Drivers/STM32F7xx_HAL_Driver/Src/stm32f7xx_hal.o
                0x08000e58                HAL_GetTick
 .text.HAL_Delay
                0x08000e70       0x48 ./Drivers/STM32F7xx_HAL_Driver/Src/stm32f7xx_hal.o
                0x08000e70                HAL_Delay
 .text.__NVIC_SetPriorityGrouping
                0x08000eb8       0x48 ./Drivers/STM32F7xx_HAL_Driver/Src/stm32f7xx_hal_cortex.o
 .text.__NVIC_GetPriorityGrouping
                0x08000f00       0x1c ./Drivers/STM32F7xx_HAL_Driver/Src/stm32f7xx_hal_cortex.o
 .text.__NVIC_EnableIRQ
                0x08000f1c       0x3c ./Drivers/STM32F7xx_HAL_Driver/Src/stm32f7xx_hal_cortex.o
 .text.__NVIC_SetPriority
                0x08000f58       0x54 ./Drivers/STM32F7xx_HAL_Driver/Src/stm32f7xx_hal_cortex.o
 .text.NVIC_EncodePriority
                0x08000fac       0x66 ./Drivers/STM32F7xx_HAL_Driver/Src/stm32f7xx_hal_cortex.o
 .text.HAL_NVIC_SetPriorityGrouping
                0x08001012       0x16 ./Drivers/STM32F7xx_HAL_Driver/Src/stm32f7xx_hal_cortex.o
                0x08001012                HAL_NVIC_SetPriorityGrouping
 .text.HAL_NVIC_SetPriority
                0x08001028       0x38 ./Drivers/STM32F7xx_HAL_Driver/Src/stm32f7xx_hal_cortex.o
                0x08001028                HAL_NVIC_SetPriority
 .text.HAL_NVIC_EnableIRQ
                0x08001060       0x1c ./Drivers/STM32F7xx_HAL_Driver/Src/stm32f7xx_hal_cortex.o
                0x08001060                HAL_NVIC_EnableIRQ
 .text.HAL_GPIO_Init
                0x0800107c      0x358 ./Drivers/STM32F7xx_HAL_Driver/Src/stm32f7xx_hal_gpio.o
                0x0800107c                HAL_GPIO_Init
 .text.HAL_GPIO_WritePin
                0x080013d4       0x32 ./Drivers/STM32F7xx_HAL_Driver/Src/stm32f7xx_hal_gpio.o
                0x080013d4                HAL_GPIO_WritePin
 .text.HAL_GPIO_TogglePin
                0x08001406       0x34 ./Drivers/STM32F7xx_HAL_Driver/Src/stm32f7xx_hal_gpio.o
                0x08001406                HAL_GPIO_TogglePin
 .text.HAL_PCD_Init
                0x0800143a      0x248 ./Drivers/STM32F7xx_HAL_Driver/Src/stm32f7xx_hal_pcd.o
                0x0800143a                HAL_PCD_Init
 .text.HAL_PCD_Start
                0x08001682       0x44 ./Drivers/STM32F7xx_HAL_Driver/Src/stm32f7xx_hal_pcd.o
                0x08001682                HAL_PCD_Start
 .text.HAL_PCD_IRQHandler
                0x080016c6      0x998 ./Drivers/STM32F7xx_HAL_Driver/Src/stm32f7xx_hal_pcd.o
                0x080016c6                HAL_PCD_IRQHandler
 .text.HAL_PCD_SetAddress
                0x0800205e       0x4a ./Drivers/STM32F7xx_HAL_Driver/Src/stm32f7xx_hal_pcd.o
                0x0800205e                HAL_PCD_SetAddress
 .text.HAL_PCD_EP_Open
                0x080020a8       0xd0 ./Drivers/STM32F7xx_HAL_Driver/Src/stm32f7xx_hal_pcd.o
                0x080020a8                HAL_PCD_EP_Open
 .text.HAL_PCD_EP_Close
                0x08002178       0x94 ./Drivers/STM32F7xx_HAL_Driver/Src/stm32f7xx_hal_pcd.o
                0x08002178                HAL_PCD_EP_Close
 .text.HAL_PCD_EP_Receive
                0x0800220c       0x96 ./Drivers/STM32F7xx_HAL_Driver/Src/stm32f7xx_hal_pcd.o
                0x0800220c                HAL_PCD_EP_Receive
 .text.HAL_PCD_EP_GetRxCount
                0x080022a2       0x30 ./Drivers/STM32F7xx_HAL_Driver/Src/stm32f7xx_hal_pcd.o
                0x080022a2                HAL_PCD_EP_GetRxCount
 .text.HAL_PCD_EP_Transmit
                0x080022d2       0x94 ./Drivers/STM32F7xx_HAL_Driver/Src/stm32f7xx_hal_pcd.o
                0x080022d2                HAL_PCD_EP_Transmit
 .text.HAL_PCD_EP_SetStall
                0x08002366       0xc8 ./Drivers/STM32F7xx_HAL_Driver/Src/stm32f7xx_hal_pcd.o
                0x08002366                HAL_PCD_EP_SetStall
 .text.HAL_PCD_EP_ClrStall
                0x0800242e       0xac ./Drivers/STM32F7xx_HAL_Driver/Src/stm32f7xx_hal_pcd.o
                0x0800242e                HAL_PCD_EP_ClrStall
 .text.HAL_PCD_EP_Abort
                0x080024da       0x62 ./Drivers/STM32F7xx_HAL_Driver/Src/stm32f7xx_hal_pcd.o
                0x080024da                HAL_PCD_EP_Abort
 .text.PCD_WriteEmptyTxFifo
                0x0800253c      0x11a ./Drivers/STM32F7xx_HAL_Driver/Src/stm32f7xx_hal_pcd.o
 *fill*         0x08002656        0x2 
 .text.PCD_EP_OutXfrComplete_int
                0x08002658      0x1d0 ./Drivers/STM32F7xx_HAL_Driver/Src/stm32f7xx_hal_pcd.o
 .text.PCD_EP_OutSetupPacket_int
                0x08002828       0x8c ./Drivers/STM32F7xx_HAL_Driver/Src/stm32f7xx_hal_pcd.o
 .text.HAL_PCDEx_SetTxFiFo
                0x080028b4       0x8e ./Drivers/STM32F7xx_HAL_Driver/Src/stm32f7xx_hal_pcd_ex.o
                0x080028b4                HAL_PCDEx_SetTxFiFo
 .text.HAL_PCDEx_SetRxFiFo
                0x08002942       0x22 ./Drivers/STM32F7xx_HAL_Driver/Src/stm32f7xx_hal_pcd_ex.o
                0x08002942                HAL_PCDEx_SetRxFiFo
 .text.HAL_PCDEx_ActivateLPM
                0x08002964       0x48 ./Drivers/STM32F7xx_HAL_Driver/Src/stm32f7xx_hal_pcd_ex.o
                0x08002964                HAL_PCDEx_ActivateLPM
 .text.HAL_PWREx_EnableOverDrive
                0x080029ac       0xa0 ./Drivers/STM32F7xx_HAL_Driver/Src/stm32f7xx_hal_pwr_ex.o
                0x080029ac                HAL_PWREx_EnableOverDrive
 .text.HAL_RCC_OscConfig
                0x08002a4c      0x548 ./Drivers/STM32F7xx_HAL_Driver/Src/stm32f7xx_hal_rcc.o
                0x08002a4c                HAL_RCC_OscConfig
 .text.HAL_RCC_ClockConfig
                0x08002f94      0x1d8 ./Drivers/STM32F7xx_HAL_Driver/Src/stm32f7xx_hal_rcc.o
                0x08002f94                HAL_RCC_ClockConfig
 .text.HAL_RCC_GetSysClockFreq
                0x0800316c      0x18c ./Drivers/STM32F7xx_HAL_Driver/Src/stm32f7xx_hal_rcc.o
                0x0800316c                HAL_RCC_GetSysClockFreq
 .text.HAL_RCC_GetHCLKFreq
                0x080032f8       0x18 ./Drivers/STM32F7xx_HAL_Driver/Src/stm32f7xx_hal_rcc.o
                0x080032f8                HAL_RCC_GetHCLKFreq
 .text.HAL_RCC_GetPCLK1Freq
                0x08003310       0x28 ./Drivers/STM32F7xx_HAL_Driver/Src/stm32f7xx_hal_rcc.o
                0x08003310                HAL_RCC_GetPCLK1Freq
 .text.HAL_RCC_GetPCLK2Freq
                0x08003338       0x28 ./Drivers/STM32F7xx_HAL_Driver/Src/stm32f7xx_hal_rcc.o
                0x08003338                HAL_RCC_GetPCLK2Freq
 .text.HAL_RCC_GetClockConfig
                0x08003360       0x64 ./Drivers/STM32F7xx_HAL_Driver/Src/stm32f7xx_hal_rcc.o
                0x08003360                HAL_RCC_GetClockConfig
 .text.HAL_RCCEx_PeriphCLKConfig
                0x080033c4      0x7e0 ./Drivers/STM32F7xx_HAL_Driver/Src/stm32f7xx_hal_rcc_ex.o
                0x080033c4                HAL_RCCEx_PeriphCLKConfig
 .text.HAL_TIM_Base_Init
                0x08003ba4       0xae ./Drivers/STM32F7xx_HAL_Driver/Src/stm32f7xx_hal_tim.o
                0x08003ba4                HAL_TIM_Base_Init
 .text.HAL_TIM_Base_MspInit
                0x08003c52       0x14 ./Drivers/STM32F7xx_HAL_Driver/Src/stm32f7xx_hal_tim.o
                0x08003c52                HAL_TIM_Base_MspInit
 *fill*         0x08003c66        0x2 
 .text.HAL_TIM_Base_Start_IT
                0x08003c68       0xf0 ./Drivers/STM32F7xx_HAL_Driver/Src/stm32f7xx_hal_tim.o
                0x08003c68                HAL_TIM_Base_Start_IT
 .text.HAL_TIM_IRQHandler
                0x08003d58      0x23e ./Drivers/STM32F7xx_HAL_Driver/Src/stm32f7xx_hal_tim.o
                0x08003d58                HAL_TIM_IRQHandler
 .text.HAL_TIM_OC_DelayElapsedCallback
                0x08003f96       0x14 ./Drivers/STM32F7xx_HAL_Driver/Src/stm32f7xx_hal_tim.o
                0x08003f96                HAL_TIM_OC_DelayElapsedCallback
 .text.HAL_TIM_IC_CaptureCallback
                0x08003faa       0x14 ./Drivers/STM32F7xx_HAL_Driver/Src/stm32f7xx_hal_tim.o
                0x08003faa                HAL_TIM_IC_CaptureCallback
 .text.HAL_TIM_PWM_PulseFinishedCallback
                0x08003fbe       0x14 ./Drivers/STM32F7xx_HAL_Driver/Src/stm32f7xx_hal_tim.o
                0x08003fbe                HAL_TIM_PWM_PulseFinishedCallback
 .text.HAL_TIM_TriggerCallback
                0x08003fd2       0x14 ./Drivers/STM32F7xx_HAL_Driver/Src/stm32f7xx_hal_tim.o
                0x08003fd2                HAL_TIM_TriggerCallback
 *fill*         0x08003fe6        0x2 
 .text.TIM_Base_SetConfig
                0x08003fe8      0x140 ./Drivers/STM32F7xx_HAL_Driver/Src/stm32f7xx_hal_tim.o
                0x08003fe8                TIM_Base_SetConfig
 .text.HAL_TIMEx_CommutCallback
                0x08004128       0x14 ./Drivers/STM32F7xx_HAL_Driver/Src/stm32f7xx_hal_tim_ex.o
                0x08004128                HAL_TIMEx_CommutCallback
 .text.HAL_TIMEx_BreakCallback
                0x0800413c       0x14 ./Drivers/STM32F7xx_HAL_Driver/Src/stm32f7xx_hal_tim_ex.o
                0x0800413c                HAL_TIMEx_BreakCallback
 .text.HAL_TIMEx_Break2Callback
                0x08004150       0x14 ./Drivers/STM32F7xx_HAL_Driver/Src/stm32f7xx_hal_tim_ex.o
                0x08004150                HAL_TIMEx_Break2Callback
 .text.HAL_UART_Init
                0x08004164       0x9c ./Drivers/STM32F7xx_HAL_Driver/Src/stm32f7xx_hal_uart.o
                0x08004164                HAL_UART_Init
 .text.HAL_UART_Transmit
                0x08004200      0x106 ./Drivers/STM32F7xx_HAL_Driver/Src/stm32f7xx_hal_uart.o
                0x08004200                HAL_UART_Transmit
 *fill*         0x08004306        0x2 
 .text.UART_SetConfig
                0x08004308      0x4c8 ./Drivers/STM32F7xx_HAL_Driver/Src/stm32f7xx_hal_uart.o
                0x08004308                UART_SetConfig
 .text.UART_AdvFeatureConfig
                0x080047d0      0x144 ./Drivers/STM32F7xx_HAL_Driver/Src/stm32f7xx_hal_uart.o
                0x080047d0                UART_AdvFeatureConfig
 .text.UART_CheckIdleState
                0x08004914       0x6e ./Drivers/STM32F7xx_HAL_Driver/Src/stm32f7xx_hal_uart.o
                0x08004914                UART_CheckIdleState
 .text.UART_WaitOnFlagUntilTimeout
                0x08004982      0x18c ./Drivers/STM32F7xx_HAL_Driver/Src/stm32f7xx_hal_uart.o
                0x08004982                UART_WaitOnFlagUntilTimeout
 *fill*         0x08004b0e        0x2 
 .text.USB_CoreInit
                0x08004b10       0xb0 ./Drivers/STM32F7xx_HAL_Driver/Src/stm32f7xx_ll_usb.o
                0x08004b10                USB_CoreInit
 .text.USB_SetTurnaroundTime
                0x08004bc0      0x144 ./Drivers/STM32F7xx_HAL_Driver/Src/stm32f7xx_ll_usb.o
                0x08004bc0                USB_SetTurnaroundTime
 .text.USB_EnableGlobalInt
                0x08004d04       0x22 ./Drivers/STM32F7xx_HAL_Driver/Src/stm32f7xx_ll_usb.o
                0x08004d04                USB_EnableGlobalInt
 .text.USB_DisableGlobalInt
                0x08004d26       0x22 ./Drivers/STM32F7xx_HAL_Driver/Src/stm32f7xx_ll_usb.o
                0x08004d26                USB_DisableGlobalInt
 .text.USB_SetCurrentMode
                0x08004d48       0x98 ./Drivers/STM32F7xx_HAL_Driver/Src/stm32f7xx_ll_usb.o
                0x08004d48                USB_SetCurrentMode
 .text.USB_DevInit
                0x08004de0      0x2bc ./Drivers/STM32F7xx_HAL_Driver/Src/stm32f7xx_ll_usb.o
                0x08004de0                USB_DevInit
 .text.USB_FlushTxFifo
                0x0800509c       0x68 ./Drivers/STM32F7xx_HAL_Driver/Src/stm32f7xx_ll_usb.o
                0x0800509c                USB_FlushTxFifo
 .text.USB_FlushRxFifo
                0x08005104       0x60 ./Drivers/STM32F7xx_HAL_Driver/Src/stm32f7xx_ll_usb.o
                0x08005104                USB_FlushRxFifo
 .text.USB_SetDevSpeed
                0x08005164       0x32 ./Drivers/STM32F7xx_HAL_Driver/Src/stm32f7xx_ll_usb.o
                0x08005164                USB_SetDevSpeed
 .text.USB_GetDevSpeed
                0x08005196       0x4a ./Drivers/STM32F7xx_HAL_Driver/Src/stm32f7xx_ll_usb.o
                0x08005196                USB_GetDevSpeed
 .text.USB_ActivateEndpoint
                0x080051e0      0x110 ./Drivers/STM32F7xx_HAL_Driver/Src/stm32f7xx_ll_usb.o
                0x080051e0                USB_ActivateEndpoint
 .text.USB_DeactivateEndpoint
                0x080052f0      0x1b8 ./Drivers/STM32F7xx_HAL_Driver/Src/stm32f7xx_ll_usb.o
                0x080052f0                USB_DeactivateEndpoint
 .text.USB_EPStartXfer
                0x080054a8      0x4a0 ./Drivers/STM32F7xx_HAL_Driver/Src/stm32f7xx_ll_usb.o
                0x080054a8                USB_EPStartXfer
 .text.USB_EP0StartXfer
                0x08005948      0x2b8 ./Drivers/STM32F7xx_HAL_Driver/Src/stm32f7xx_ll_usb.o
                0x08005948                USB_EP0StartXfer
 .text.USB_EPStopXfer
                0x08005c00      0x154 ./Drivers/STM32F7xx_HAL_Driver/Src/stm32f7xx_ll_usb.o
                0x08005c00                USB_EPStopXfer
 .text.USB_WritePacket
                0x08005d54       0x7c ./Drivers/STM32F7xx_HAL_Driver/Src/stm32f7xx_ll_usb.o
                0x08005d54                USB_WritePacket
 .text.USB_ReadPacket
                0x08005dd0       0xb0 ./Drivers/STM32F7xx_HAL_Driver/Src/stm32f7xx_ll_usb.o
                0x08005dd0                USB_ReadPacket
 .text.USB_EPSetStall
                0x08005e80       0xdc ./Drivers/STM32F7xx_HAL_Driver/Src/stm32f7xx_ll_usb.o
                0x08005e80                USB_EPSetStall
 .text.USB_EPClearStall
                0x08005f5c       0xcc ./Drivers/STM32F7xx_HAL_Driver/Src/stm32f7xx_ll_usb.o
                0x08005f5c                USB_EPClearStall
 .text.USB_SetDevAddress
                0x08006028       0x4c ./Drivers/STM32F7xx_HAL_Driver/Src/stm32f7xx_ll_usb.o
                0x08006028                USB_SetDevAddress
 .text.USB_DevConnect
                0x08006074       0x42 ./Drivers/STM32F7xx_HAL_Driver/Src/stm32f7xx_ll_usb.o
                0x08006074                USB_DevConnect
 .text.USB_DevDisconnect
                0x080060b6       0x42 ./Drivers/STM32F7xx_HAL_Driver/Src/stm32f7xx_ll_usb.o
                0x080060b6                USB_DevDisconnect
 .text.USB_ReadInterrupts
                0x080060f8       0x26 ./Drivers/STM32F7xx_HAL_Driver/Src/stm32f7xx_ll_usb.o
                0x080060f8                USB_ReadInterrupts
 .text.USB_ReadDevAllOutEpInterrupt
                0x0800611e       0x34 ./Drivers/STM32F7xx_HAL_Driver/Src/stm32f7xx_ll_usb.o
                0x0800611e                USB_ReadDevAllOutEpInterrupt
 .text.USB_ReadDevAllInEpInterrupt
                0x08006152       0x34 ./Drivers/STM32F7xx_HAL_Driver/Src/stm32f7xx_ll_usb.o
                0x08006152                USB_ReadDevAllInEpInterrupt
 .text.USB_ReadDevOutEPInterrupt
                0x08006186       0x3c ./Drivers/STM32F7xx_HAL_Driver/Src/stm32f7xx_ll_usb.o
                0x08006186                USB_ReadDevOutEPInterrupt
 .text.USB_ReadDevInEPInterrupt
                0x080061c2       0x5c ./Drivers/STM32F7xx_HAL_Driver/Src/stm32f7xx_ll_usb.o
                0x080061c2                USB_ReadDevInEPInterrupt
 .text.USB_GetMode
                0x0800621e       0x1c ./Drivers/STM32F7xx_HAL_Driver/Src/stm32f7xx_ll_usb.o
                0x0800621e                USB_GetMode
 *fill*         0x0800623a        0x2 
 .text.USB_ActivateSetup
                0x0800623c       0x48 ./Drivers/STM32F7xx_HAL_Driver/Src/stm32f7xx_ll_usb.o
                0x0800623c                USB_ActivateSetup
 .text.USB_EP0_OutStart
                0x08006284       0xbc ./Drivers/STM32F7xx_HAL_Driver/Src/stm32f7xx_ll_usb.o
                0x08006284                USB_EP0_OutStart
 .text.USB_CoreReset
                0x08006340       0x68 ./Drivers/STM32F7xx_HAL_Driver/Src/stm32f7xx_ll_usb.o
 .text.USBD_CDC_Init
                0x080063a8      0x1f0 ./Middlewares/ST/STM32_USB_Device_Library/Class/CDC/Src/usbd_cdc.o
 .text.USBD_CDC_DeInit
                0x08006598      0x104 ./Middlewares/ST/STM32_USB_Device_Library/Class/CDC/Src/usbd_cdc.o
 .text.USBD_CDC_Setup
                0x0800669c      0x1b8 ./Middlewares/ST/STM32_USB_Device_Library/Class/CDC/Src/usbd_cdc.o
 .text.USBD_CDC_DataIn
                0x08006854       0xfe ./Middlewares/ST/STM32_USB_Device_Library/Class/CDC/Src/usbd_cdc.o
 .text.USBD_CDC_DataOut
                0x08006952       0x70 ./Middlewares/ST/STM32_USB_Device_Library/Class/CDC/Src/usbd_cdc.o
 .text.USBD_CDC_EP0_RxReady
                0x080069c2       0x74 ./Middlewares/ST/STM32_USB_Device_Library/Class/CDC/Src/usbd_cdc.o
 *fill*         0x08006a36        0x2 
 .text.USBD_CDC_GetFSCfgDesc
                0x08006a38       0x70 ./Middlewares/ST/STM32_USB_Device_Library/Class/CDC/Src/usbd_cdc.o
 .text.USBD_CDC_GetHSCfgDesc
                0x08006aa8       0x70 ./Middlewares/ST/STM32_USB_Device_Library/Class/CDC/Src/usbd_cdc.o
 .text.USBD_CDC_GetOtherSpeedCfgDesc
                0x08006b18       0x70 ./Middlewares/ST/STM32_USB_Device_Library/Class/CDC/Src/usbd_cdc.o
 .text.USBD_CDC_GetDeviceQualifierDescriptor
                0x08006b88       0x20 ./Middlewares/ST/STM32_USB_Device_Library/Class/CDC/Src/usbd_cdc.o
                0x08006b88                USBD_CDC_GetDeviceQualifierDescriptor
 .text.USBD_CDC_RegisterInterface
                0x08006ba8       0x34 ./Middlewares/ST/STM32_USB_Device_Library/Class/CDC/Src/usbd_cdc.o
                0x08006ba8                USBD_CDC_RegisterInterface
 .text.USBD_CDC_SetTxBuffer
                0x08006bdc       0x44 ./Middlewares/ST/STM32_USB_Device_Library/Class/CDC/Src/usbd_cdc.o
                0x08006bdc                USBD_CDC_SetTxBuffer
 .text.USBD_CDC_SetRxBuffer
                0x08006c20       0x3a ./Middlewares/ST/STM32_USB_Device_Library/Class/CDC/Src/usbd_cdc.o
                0x08006c20                USBD_CDC_SetRxBuffer
 *fill*         0x08006c5a        0x2 
 .text.USBD_CDC_TransmitPacket
                0x08006c5c       0x80 ./Middlewares/ST/STM32_USB_Device_Library/Class/CDC/Src/usbd_cdc.o
                0x08006c5c                USBD_CDC_TransmitPacket
 .text.USBD_CDC_ReceivePacket
                0x08006cdc       0x6c ./Middlewares/ST/STM32_USB_Device_Library/Class/CDC/Src/usbd_cdc.o
                0x08006cdc                USBD_CDC_ReceivePacket
 .text.USBD_Init
                0x08006d48       0x60 ./Middlewares/ST/STM32_USB_Device_Library/Core/Src/usbd_core.o
                0x08006d48                USBD_Init
 .text.USBD_RegisterClass
                0x08006da8       0x6c ./Middlewares/ST/STM32_USB_Device_Library/Core/Src/usbd_core.o
                0x08006da8                USBD_RegisterClass
 .text.USBD_Start
                0x08006e14       0x18 ./Middlewares/ST/STM32_USB_Device_Library/Core/Src/usbd_core.o
                0x08006e14                USBD_Start
 .text.USBD_RunTestMode
                0x08006e2c       0x16 ./Middlewares/ST/STM32_USB_Device_Library/Core/Src/usbd_core.o
                0x08006e2c                USBD_RunTestMode
 .text.USBD_SetClassConfig
                0x08006e42       0x38 ./Middlewares/ST/STM32_USB_Device_Library/Core/Src/usbd_core.o
                0x08006e42                USBD_SetClassConfig
 .text.USBD_ClrClassConfig
                0x08006e7a       0x34 ./Middlewares/ST/STM32_USB_Device_Library/Core/Src/usbd_core.o
                0x08006e7a                USBD_ClrClassConfig
 .text.USBD_LL_SetupStage
                0x08006eae       0xaa ./Middlewares/ST/STM32_USB_Device_Library/Core/Src/usbd_core.o
                0x08006eae                USBD_LL_SetupStage
 .text.USBD_LL_DataOutStage
                0x08006f58      0x166 ./Middlewares/ST/STM32_USB_Device_Library/Core/Src/usbd_core.o
                0x08006f58                USBD_LL_DataOutStage
 .text.USBD_LL_DataInStage
                0x080070be      0x164 ./Middlewares/ST/STM32_USB_Device_Library/Core/Src/usbd_core.o
                0x080070be                USBD_LL_DataInStage
 .text.USBD_LL_Reset
                0x08007222       0xa4 ./Middlewares/ST/STM32_USB_Device_Library/Core/Src/usbd_core.o
                0x08007222                USBD_LL_Reset
 .text.USBD_LL_SetSpeed
                0x080072c6       0x20 ./Middlewares/ST/STM32_USB_Device_Library/Core/Src/usbd_core.o
                0x080072c6                USBD_LL_SetSpeed
 .text.USBD_LL_Suspend
                0x080072e6       0x2c ./Middlewares/ST/STM32_USB_Device_Library/Core/Src/usbd_core.o
                0x080072e6                USBD_LL_Suspend
 .text.USBD_LL_Resume
                0x08007312       0x30 ./Middlewares/ST/STM32_USB_Device_Library/Core/Src/usbd_core.o
                0x08007312                USBD_LL_Resume
 .text.USBD_LL_SOF
                0x08007342       0x40 ./Middlewares/ST/STM32_USB_Device_Library/Core/Src/usbd_core.o
                0x08007342                USBD_LL_SOF
 .text.USBD_LL_IsoINIncomplete
                0x08007382       0x64 ./Middlewares/ST/STM32_USB_Device_Library/Core/Src/usbd_core.o
                0x08007382                USBD_LL_IsoINIncomplete
 .text.USBD_LL_IsoOUTIncomplete
                0x080073e6       0x64 ./Middlewares/ST/STM32_USB_Device_Library/Core/Src/usbd_core.o
                0x080073e6                USBD_LL_IsoOUTIncomplete
 .text.USBD_LL_DevConnected
                0x0800744a       0x16 ./Middlewares/ST/STM32_USB_Device_Library/Core/Src/usbd_core.o
                0x0800744a                USBD_LL_DevConnected
 .text.USBD_LL_DevDisconnected
                0x08007460       0x46 ./Middlewares/ST/STM32_USB_Device_Library/Core/Src/usbd_core.o
                0x08007460                USBD_LL_DevDisconnected
 .text.USBD_CoreFindIF
                0x080074a6       0x1a ./Middlewares/ST/STM32_USB_Device_Library/Core/Src/usbd_core.o
                0x080074a6                USBD_CoreFindIF
 .text.USBD_CoreFindEP
                0x080074c0       0x1a ./Middlewares/ST/STM32_USB_Device_Library/Core/Src/usbd_core.o
                0x080074c0                USBD_CoreFindEP
 .text.USBD_GetEpDesc
                0x080074da       0x70 ./Middlewares/ST/STM32_USB_Device_Library/Core/Src/usbd_core.o
                0x080074da                USBD_GetEpDesc
 .text.USBD_GetNextDesc
                0x0800754a       0x38 ./Middlewares/ST/STM32_USB_Device_Library/Core/Src/usbd_core.o
                0x0800754a                USBD_GetNextDesc
 .text.SWAPBYTE
                0x08007582       0x3c ./Middlewares/ST/STM32_USB_Device_Library/Core/Src/usbd_ctlreq.o
 *fill*         0x080075be        0x2 
 .text.USBD_StdDevReq
                0x080075c0       0xe4 ./Middlewares/ST/STM32_USB_Device_Library/Core/Src/usbd_ctlreq.o
                0x080075c0                USBD_StdDevReq
 .text.USBD_StdItfReq
                0x080076a4       0xd8 ./Middlewares/ST/STM32_USB_Device_Library/Core/Src/usbd_ctlreq.o
                0x080076a4                USBD_StdItfReq
 .text.USBD_StdEPReq
                0x0800777c      0x33a ./Middlewares/ST/STM32_USB_Device_Library/Core/Src/usbd_ctlreq.o
                0x0800777c                USBD_StdEPReq
 *fill*         0x08007ab6        0x2 
 .text.USBD_GetDescriptor
                0x08007ab8      0x328 ./Middlewares/ST/STM32_USB_Device_Library/Core/Src/usbd_ctlreq.o
 .text.USBD_SetAddress
                0x08007de0       0x88 ./Middlewares/ST/STM32_USB_Device_Library/Core/Src/usbd_ctlreq.o
 .text.USBD_SetConfig
                0x08007e68      0x154 ./Middlewares/ST/STM32_USB_Device_Library/Core/Src/usbd_ctlreq.o
 .text.USBD_GetConfig
                0x08007fbc       0x6c ./Middlewares/ST/STM32_USB_Device_Library/Core/Src/usbd_ctlreq.o
 .text.USBD_GetStatus
                0x08008028       0x68 ./Middlewares/ST/STM32_USB_Device_Library/Core/Src/usbd_ctlreq.o
 .text.USBD_SetFeature
                0x08008090       0x52 ./Middlewares/ST/STM32_USB_Device_Library/Core/Src/usbd_ctlreq.o
 .text.USBD_ClrFeature
                0x080080e2       0x44 ./Middlewares/ST/STM32_USB_Device_Library/Core/Src/usbd_ctlreq.o
 .text.USBD_ParseSetupRequest
                0x08008126       0x74 ./Middlewares/ST/STM32_USB_Device_Library/Core/Src/usbd_ctlreq.o
                0x08008126                USBD_ParseSetupRequest
 .text.USBD_CtlError
                0x0800819a       0x22 ./Middlewares/ST/STM32_USB_Device_Library/Core/Src/usbd_ctlreq.o
                0x0800819a                USBD_CtlError
 .text.USBD_GetString
                0x080081bc       0x8c ./Middlewares/ST/STM32_USB_Device_Library/Core/Src/usbd_ctlreq.o
                0x080081bc                USBD_GetString
 .text.USBD_GetLen
                0x08008248       0x34 ./Middlewares/ST/STM32_USB_Device_Library/Core/Src/usbd_ctlreq.o
 .text.USBD_CtlSendData
                0x0800827c       0x36 ./Middlewares/ST/STM32_USB_Device_Library/Core/Src/usbd_ioreq.o
                0x0800827c                USBD_CtlSendData
 .text.USBD_CtlContinueSendData
                0x080082b2       0x22 ./Middlewares/ST/STM32_USB_Device_Library/Core/Src/usbd_ioreq.o
                0x080082b2                USBD_CtlContinueSendData
 .text.USBD_CtlPrepareRx
                0x080082d4       0x3a ./Middlewares/ST/STM32_USB_Device_Library/Core/Src/usbd_ioreq.o
                0x080082d4                USBD_CtlPrepareRx
 .text.USBD_CtlContinueRx
                0x0800830e       0x22 ./Middlewares/ST/STM32_USB_Device_Library/Core/Src/usbd_ioreq.o
                0x0800830e                USBD_CtlContinueRx
 .text.USBD_CtlSendStatus
                0x08008330       0x26 ./Middlewares/ST/STM32_USB_Device_Library/Core/Src/usbd_ioreq.o
                0x08008330                USBD_CtlSendStatus
 .text.USBD_CtlReceiveStatus
                0x08008356       0x26 ./Middlewares/ST/STM32_USB_Device_Library/Core/Src/usbd_ioreq.o
                0x08008356                USBD_CtlReceiveStatus
 .text.SVC_Setup
                0x0800837c        0xe ./Middlewares/Third_Party/FreeRTOS/Source/CMSIS_RTOS_V2/cmsis_os2.o
 *fill*         0x0800838a        0x2 
 .text.osKernelInitialize
                0x0800838c       0x68 ./Middlewares/Third_Party/FreeRTOS/Source/CMSIS_RTOS_V2/cmsis_os2.o
                0x0800838c                osKernelInitialize
 .text.osKernelStart
                0x080083f4       0x6c ./Middlewares/Third_Party/FreeRTOS/Source/CMSIS_RTOS_V2/cmsis_os2.o
                0x080083f4                osKernelStart
 .text.osThreadNew
                0x08008460      0x14c ./Middlewares/Third_Party/FreeRTOS/Source/CMSIS_RTOS_V2/cmsis_os2.o
                0x08008460                osThreadNew
 .text.osDelay  0x080085ac       0x5c ./Middlewares/Third_Party/FreeRTOS/Source/CMSIS_RTOS_V2/cmsis_os2.o
                0x080085ac                osDelay
 .text.vApplicationGetIdleTaskMemory
                0x08008608       0x34 ./Middlewares/Third_Party/FreeRTOS/Source/CMSIS_RTOS_V2/cmsis_os2.o
                0x08008608                vApplicationGetIdleTaskMemory
 .text.vApplicationGetTimerTaskMemory
                0x0800863c       0x34 ./Middlewares/Third_Party/FreeRTOS/Source/CMSIS_RTOS_V2/cmsis_os2.o
                0x0800863c                vApplicationGetTimerTaskMemory
 .text.vListInitialise
                0x08008670       0x40 ./Middlewares/Third_Party/FreeRTOS/Source/list.o
                0x08008670                vListInitialise
 .text.vListInitialiseItem
                0x080086b0       0x1a ./Middlewares/Third_Party/FreeRTOS/Source/list.o
                0x080086b0                vListInitialiseItem
 .text.vListInsertEnd
                0x080086ca       0x48 ./Middlewares/Third_Party/FreeRTOS/Source/list.o
                0x080086ca                vListInsertEnd
 .text.vListInsert
                0x08008712       0x72 ./Middlewares/Third_Party/FreeRTOS/Source/list.o
                0x08008712                vListInsert
 .text.uxListRemove
                0x08008784       0x54 ./Middlewares/Third_Party/FreeRTOS/Source/list.o
                0x08008784                uxListRemove
 .text.xQueueGenericReset
                0x080087d8       0xd8 ./Middlewares/Third_Party/FreeRTOS/Source/queue.o
                0x080087d8                xQueueGenericReset
 .text.xQueueGenericCreateStatic
                0x080088b0      0x10e ./Middlewares/Third_Party/FreeRTOS/Source/queue.o
                0x080088b0                xQueueGenericCreateStatic
 .text.prvInitialiseNewQueue
                0x080089be       0x46 ./Middlewares/Third_Party/FreeRTOS/Source/queue.o
 .text.xQueueGenericSend
                0x08008a04      0x214 ./Middlewares/Third_Party/FreeRTOS/Source/queue.o
                0x08008a04                xQueueGenericSend
 .text.xQueueGenericSendFromISR
                0x08008c18      0x146 ./Middlewares/Third_Party/FreeRTOS/Source/queue.o
                0x08008c18                xQueueGenericSendFromISR
 *fill*         0x08008d5e        0x2 
 .text.xQueueReceive
                0x08008d60      0x1d0 ./Middlewares/Third_Party/FreeRTOS/Source/queue.o
                0x08008d60                xQueueReceive
 .text.prvCopyDataToQueue
                0x08008f30       0xd4 ./Middlewares/Third_Party/FreeRTOS/Source/queue.o
 .text.prvCopyDataFromQueue
                0x08009004       0x4c ./Middlewares/Third_Party/FreeRTOS/Source/queue.o
 .text.prvUnlockQueue
                0x08009050       0xa4 ./Middlewares/Third_Party/FreeRTOS/Source/queue.o
 .text.prvIsQueueEmpty
                0x080090f4       0x2c ./Middlewares/Third_Party/FreeRTOS/Source/queue.o
 .text.prvIsQueueFull
                0x08009120       0x30 ./Middlewares/Third_Party/FreeRTOS/Source/queue.o
 .text.vQueueAddToRegistry
                0x08009150       0x54 ./Middlewares/Third_Party/FreeRTOS/Source/queue.o
                0x08009150                vQueueAddToRegistry
 .text.vQueueWaitForMessageRestricted
                0x080091a4       0x68 ./Middlewares/Third_Party/FreeRTOS/Source/queue.o
                0x080091a4                vQueueWaitForMessageRestricted
 .text.xTaskCreateStatic
                0x0800920c       0xcc ./Middlewares/Third_Party/FreeRTOS/Source/tasks.o
                0x0800920c                xTaskCreateStatic
 .text.xTaskCreate
                0x080092d8       0x8a ./Middlewares/Third_Party/FreeRTOS/Source/tasks.o
                0x080092d8                xTaskCreate
 *fill*         0x08009362        0x2 
 .text.prvInitialiseNewTask
                0x08009364      0x154 ./Middlewares/Third_Party/FreeRTOS/Source/tasks.o
 .text.prvAddNewTaskToReadyList
                0x080094b8       0xe0 ./Middlewares/Third_Party/FreeRTOS/Source/tasks.o
 .text.vTaskDelay
                0x08009598       0x70 ./Middlewares/Third_Party/FreeRTOS/Source/tasks.o
                0x08009598                vTaskDelay
 .text.vTaskStartScheduler
                0x08009608       0xe8 ./Middlewares/Third_Party/FreeRTOS/Source/tasks.o
                0x08009608                vTaskStartScheduler
 .text.vTaskSuspendAll
                0x080096f0       0x1c ./Middlewares/Third_Party/FreeRTOS/Source/tasks.o
                0x080096f0                vTaskSuspendAll
 .text.xTaskResumeAll
                0x0800970c      0x140 ./Middlewares/Third_Party/FreeRTOS/Source/tasks.o
                0x0800970c                xTaskResumeAll
 .text.xTaskGetTickCount
                0x0800984c       0x20 ./Middlewares/Third_Party/FreeRTOS/Source/tasks.o
                0x0800984c                xTaskGetTickCount
 .text.xTaskIncrementTick
                0x0800986c      0x178 ./Middlewares/Third_Party/FreeRTOS/Source/tasks.o
                0x0800986c                xTaskIncrementTick
 .text.vTaskSwitchContext
                0x080099e4       0xd0 ./Middlewares/Third_Party/FreeRTOS/Source/tasks.o
                0x080099e4                vTaskSwitchContext
 .text.vTaskPlaceOnEventList
                0x08009ab4       0x50 ./Middlewares/Third_Party/FreeRTOS/Source/tasks.o
                0x08009ab4                vTaskPlaceOnEventList
 .text.vTaskPlaceOnEventListRestricted
                0x08009b04       0x5c ./Middlewares/Third_Party/FreeRTOS/Source/tasks.o
                0x08009b04                vTaskPlaceOnEventListRestricted
 .text.xTaskRemoveFromEventList
                0x08009b60       0xcc ./Middlewares/Third_Party/FreeRTOS/Source/tasks.o
                0x08009b60                xTaskRemoveFromEventList
 .text.vTaskInternalSetTimeOutState
                0x08009c2c       0x2c ./Middlewares/Third_Party/FreeRTOS/Source/tasks.o
                0x08009c2c                vTaskInternalSetTimeOutState
 .text.xTaskCheckForTimeOut
                0x08009c58       0xd0 ./Middlewares/Third_Party/FreeRTOS/Source/tasks.o
                0x08009c58                xTaskCheckForTimeOut
 .text.vTaskMissedYield
                0x08009d28       0x18 ./Middlewares/Third_Party/FreeRTOS/Source/tasks.o
                0x08009d28                vTaskMissedYield
 .text.prvIdleTask
                0x08009d40       0x30 ./Middlewares/Third_Party/FreeRTOS/Source/tasks.o
 .text.prvInitialiseTaskLists
                0x08009d70       0x80 ./Middlewares/Third_Party/FreeRTOS/Source/tasks.o
 .text.prvCheckTasksWaitingTermination
                0x08009df0       0x5c ./Middlewares/Third_Party/FreeRTOS/Source/tasks.o
 .text.prvDeleteTCB
                0x08009e4c       0x6e ./Middlewares/Third_Party/FreeRTOS/Source/tasks.o
 *fill*         0x08009eba        0x2 
 .text.prvResetNextTaskUnblockTime
                0x08009ebc       0x40 ./Middlewares/Third_Party/FreeRTOS/Source/tasks.o
 .text.xTaskGetSchedulerState
                0x08009efc       0x3c ./Middlewares/Third_Party/FreeRTOS/Source/tasks.o
                0x08009efc                xTaskGetSchedulerState
 .text.xTaskPriorityDisinherit
                0x08009f38       0xe8 ./Middlewares/Third_Party/FreeRTOS/Source/tasks.o
                0x08009f38                xTaskPriorityDisinherit
 .text.prvAddCurrentTaskToDelayedList
                0x0800a020       0xa8 ./Middlewares/Third_Party/FreeRTOS/Source/tasks.o
 .text.xTimerCreateTimerTask
                0x0800a0c8       0x98 ./Middlewares/Third_Party/FreeRTOS/Source/timers.o
                0x0800a0c8                xTimerCreateTimerTask
 .text.xTimerGenericCommand
                0x0800a160       0xa0 ./Middlewares/Third_Party/FreeRTOS/Source/timers.o
                0x0800a160                xTimerGenericCommand
 .text.prvProcessExpiredTimer
                0x0800a200       0xa0 ./Middlewares/Third_Party/FreeRTOS/Source/timers.o
 .text.prvTimerTask
                0x0800a2a0       0x26 ./Middlewares/Third_Party/FreeRTOS/Source/timers.o
 *fill*         0x0800a2c6        0x2 
 .text.prvProcessTimerOrBlockTask
                0x0800a2c8       0x9c ./Middlewares/Third_Party/FreeRTOS/Source/timers.o
 .text.prvGetNextExpireTime
                0x0800a364       0x48 ./Middlewares/Third_Party/FreeRTOS/Source/timers.o
 .text.prvSampleTimeNow
                0x0800a3ac       0x40 ./Middlewares/Third_Party/FreeRTOS/Source/timers.o
 .text.prvInsertTimerInActiveList
                0x0800a3ec       0x84 ./Middlewares/Third_Party/FreeRTOS/Source/timers.o
 .text.prvProcessReceivedCommands
                0x0800a470      0x1d8 ./Middlewares/Third_Party/FreeRTOS/Source/timers.o
 .text.prvSwitchTimerLists
                0x0800a648       0xd0 ./Middlewares/Third_Party/FreeRTOS/Source/timers.o
 .text.prvCheckForValidListAndQueue
                0x0800a718       0x80 ./Middlewares/Third_Party/FreeRTOS/Source/timers.o
 .text.pxPortInitialiseStack
                0x0800a798       0x68 ./Middlewares/Third_Party/FreeRTOS/Source/portable/GCC/ARM_CM7/r0p1/port.o
                0x0800a798                pxPortInitialiseStack
 .text.prvTaskExitError
                0x0800a800       0x64 ./Middlewares/Third_Party/FreeRTOS/Source/portable/GCC/ARM_CM7/r0p1/port.o
 *fill*         0x0800a864        0xc 
 .text.SVC_Handler
                0x0800a870       0x28 ./Middlewares/Third_Party/FreeRTOS/Source/portable/GCC/ARM_CM7/r0p1/port.o
                0x0800a870                SVC_Handler
 .text.prvPortStartFirstTask
                0x0800a898       0x28 ./Middlewares/Third_Party/FreeRTOS/Source/portable/GCC/ARM_CM7/r0p1/port.o
 .text.xPortStartScheduler
                0x0800a8c0       0xfc ./Middlewares/Third_Party/FreeRTOS/Source/portable/GCC/ARM_CM7/r0p1/port.o
                0x0800a8c0                xPortStartScheduler
 .text.vPortEnterCritical
                0x0800a9bc       0x6c ./Middlewares/Third_Party/FreeRTOS/Source/portable/GCC/ARM_CM7/r0p1/port.o
                0x0800a9bc                vPortEnterCritical
 .text.vPortExitCritical
                0x0800aa28       0x58 ./Middlewares/Third_Party/FreeRTOS/Source/portable/GCC/ARM_CM7/r0p1/port.o
                0x0800aa28                vPortExitCritical
 .text.PendSV_Handler
                0x0800aa80       0x68 ./Middlewares/Third_Party/FreeRTOS/Source/portable/GCC/ARM_CM7/r0p1/port.o
                0x0800aa80                PendSV_Handler
 .text.SysTick_Handler
                0x0800aae8       0x48 ./Middlewares/Third_Party/FreeRTOS/Source/portable/GCC/ARM_CM7/r0p1/port.o
                0x0800aae8                SysTick_Handler
 .text.vPortSetupTimerInterrupt
                0x0800ab30       0x48 ./Middlewares/Third_Party/FreeRTOS/Source/portable/GCC/ARM_CM7/r0p1/port.o
                0x0800ab30                vPortSetupTimerInterrupt
 .text.vPortEnableVFP
                0x0800ab78       0x14 ./Middlewares/Third_Party/FreeRTOS/Source/portable/GCC/ARM_CM7/r0p1/port.o
 .text.vPortValidateInterruptPriority
                0x0800ab8c       0x8c ./Middlewares/Third_Party/FreeRTOS/Source/portable/GCC/ARM_CM7/r0p1/port.o
                0x0800ab8c                vPortValidateInterruptPriority
 .text.pvPortMalloc
                0x0800ac18      0x19c ./Middlewares/Third_Party/FreeRTOS/Source/portable/MemMang/heap_4.o
                0x0800ac18                pvPortMalloc
 .text.vPortFree
                0x0800adb4       0xc0 ./Middlewares/Third_Party/FreeRTOS/Source/portable/MemMang/heap_4.o
                0x0800adb4                vPortFree
 .text.prvHeapInit
                0x0800ae74       0xc4 ./Middlewares/Third_Party/FreeRTOS/Source/portable/MemMang/heap_4.o
 .text.prvInsertBlockIntoFreeList
                0x0800af38       0xb4 ./Middlewares/Third_Party/FreeRTOS/Source/portable/MemMang/heap_4.o
 .text.MX_USB_DEVICE_Init
                0x0800afec       0x60 ./USB_DEVICE/App/usb_device.o
                0x0800afec                MX_USB_DEVICE_Init
 .text.CDC_Init_FS
                0x0800b04c       0x28 ./USB_DEVICE/App/usbd_cdc_if.o
 .text.CDC_DeInit_FS
                0x0800b074       0x10 ./USB_DEVICE/App/usbd_cdc_if.o
 .text.CDC_Control_FS
                0x0800b084       0xbc ./USB_DEVICE/App/usbd_cdc_if.o
 .text.CDC_Receive_FS
                0x0800b140       0x28 ./USB_DEVICE/App/usbd_cdc_if.o
 .text.CDC_Transmit_FS
                0x0800b168       0x4c ./USB_DEVICE/App/usbd_cdc_if.o
                0x0800b168                CDC_Transmit_FS
 .text.CDC_TransmitCplt_FS
                0x0800b1b4       0x22 ./USB_DEVICE/App/usbd_cdc_if.o
 *fill*         0x0800b1d6        0x2 
 .text.USBD_FS_DeviceDescriptor
                0x0800b1d8       0x24 ./USB_DEVICE/App/usbd_desc.o
                0x0800b1d8                USBD_FS_DeviceDescriptor
 .text.USBD_FS_LangIDStrDescriptor
                0x0800b1fc       0x24 ./USB_DEVICE/App/usbd_desc.o
                0x0800b1fc                USBD_FS_LangIDStrDescriptor
 .text.USBD_FS_ProductStrDescriptor
                0x0800b220       0x3c ./USB_DEVICE/App/usbd_desc.o
                0x0800b220                USBD_FS_ProductStrDescriptor
 .text.USBD_FS_ManufacturerStrDescriptor
                0x0800b25c       0x28 ./USB_DEVICE/App/usbd_desc.o
                0x0800b25c                USBD_FS_ManufacturerStrDescriptor
 .text.USBD_FS_SerialStrDescriptor
                0x0800b284       0x24 ./USB_DEVICE/App/usbd_desc.o
                0x0800b284                USBD_FS_SerialStrDescriptor
 .text.USBD_FS_ConfigStrDescriptor
                0x0800b2a8       0x3c ./USB_DEVICE/App/usbd_desc.o
                0x0800b2a8                USBD_FS_ConfigStrDescriptor
 .text.USBD_FS_InterfaceStrDescriptor
                0x0800b2e4       0x3c ./USB_DEVICE/App/usbd_desc.o
                0x0800b2e4                USBD_FS_InterfaceStrDescriptor
 .text.USBD_FS_USR_BOSDescriptor
                0x0800b320       0x24 ./USB_DEVICE/App/usbd_desc.o
                0x0800b320                USBD_FS_USR_BOSDescriptor
 .text.Get_SerialNum
                0x0800b344       0x58 ./USB_DEVICE/App/usbd_desc.o
 .text.IntToUnicode
                0x0800b39c       0x7e ./USB_DEVICE/App/usbd_desc.o
 *fill*         0x0800b41a        0x2 
 .text.HAL_PCD_MspInit
                0x0800b41c      0x104 ./USB_DEVICE/Target/usbd_conf.o
                0x0800b41c                HAL_PCD_MspInit
 .text.HAL_PCD_SetupStageCallback
                0x0800b520       0x24 ./USB_DEVICE/Target/usbd_conf.o
                0x0800b520                HAL_PCD_SetupStageCallback
 .text.HAL_PCD_DataOutStageCallback
                0x0800b544       0x36 ./USB_DEVICE/Target/usbd_conf.o
                0x0800b544                HAL_PCD_DataOutStageCallback
 .text.HAL_PCD_DataInStageCallback
                0x0800b57a       0x34 ./USB_DEVICE/Target/usbd_conf.o
                0x0800b57a                HAL_PCD_DataInStageCallback
 .text.HAL_PCD_SOFCallback
                0x0800b5ae       0x1c ./USB_DEVICE/Target/usbd_conf.o
                0x0800b5ae                HAL_PCD_SOFCallback
 .text.HAL_PCD_ResetCallback
                0x0800b5ca       0x50 ./USB_DEVICE/Target/usbd_conf.o
                0x0800b5ca                HAL_PCD_ResetCallback
 *fill*         0x0800b61a        0x2 
 .text.HAL_PCD_SuspendCallback
                0x0800b61c       0x4c ./USB_DEVICE/Target/usbd_conf.o
                0x0800b61c                HAL_PCD_SuspendCallback
 .text.HAL_PCD_ResumeCallback
                0x0800b668       0x1c ./USB_DEVICE/Target/usbd_conf.o
                0x0800b668                HAL_PCD_ResumeCallback
 .text.HAL_PCD_ISOOUTIncompleteCallback
                0x0800b684       0x24 ./USB_DEVICE/Target/usbd_conf.o
                0x0800b684                HAL_PCD_ISOOUTIncompleteCallback
 .text.HAL_PCD_ISOINIncompleteCallback
                0x0800b6a8       0x24 ./USB_DEVICE/Target/usbd_conf.o
                0x0800b6a8                HAL_PCD_ISOINIncompleteCallback
 .text.HAL_PCD_ConnectCallback
                0x0800b6cc       0x1c ./USB_DEVICE/Target/usbd_conf.o
                0x0800b6cc                HAL_PCD_ConnectCallback
 .text.HAL_PCD_DisconnectCallback
                0x0800b6e8       0x1c ./USB_DEVICE/Target/usbd_conf.o
                0x0800b6e8                HAL_PCD_DisconnectCallback
 .text.USBD_LL_Init
                0x0800b704       0x98 ./USB_DEVICE/Target/usbd_conf.o
                0x0800b704                USBD_LL_Init
 .text.USBD_LL_Start
                0x0800b79c       0x36 ./USB_DEVICE/Target/usbd_conf.o
                0x0800b79c                USBD_LL_Start
 .text.USBD_LL_OpenEP
                0x0800b7d2       0x4c ./USB_DEVICE/Target/usbd_conf.o
                0x0800b7d2                USBD_LL_OpenEP
 .text.USBD_LL_CloseEP
                0x0800b81e       0x3e ./USB_DEVICE/Target/usbd_conf.o
                0x0800b81e                USBD_LL_CloseEP
 .text.USBD_LL_StallEP
                0x0800b85c       0x3e ./USB_DEVICE/Target/usbd_conf.o
                0x0800b85c                USBD_LL_StallEP
 .text.USBD_LL_ClearStallEP
                0x0800b89a       0x3e ./USB_DEVICE/Target/usbd_conf.o
                0x0800b89a                USBD_LL_ClearStallEP
 .text.USBD_LL_IsStallEP
                0x0800b8d8       0x58 ./USB_DEVICE/Target/usbd_conf.o
                0x0800b8d8                USBD_LL_IsStallEP
 .text.USBD_LL_SetUSBAddress
                0x0800b930       0x3e ./USB_DEVICE/Target/usbd_conf.o
                0x0800b930                USBD_LL_SetUSBAddress
 .text.USBD_LL_Transmit
                0x0800b96e       0x42 ./USB_DEVICE/Target/usbd_conf.o
                0x0800b96e                USBD_LL_Transmit
 .text.USBD_LL_PrepareReceive
                0x0800b9b0       0x42 ./USB_DEVICE/Target/usbd_conf.o
                0x0800b9b0                USBD_LL_PrepareReceive
 .text.USBD_LL_GetRxDataSize
                0x0800b9f2       0x26 ./USB_DEVICE/Target/usbd_conf.o
                0x0800b9f2                USBD_LL_GetRxDataSize
 .text.HAL_PCDEx_LPM_Callback
                0x0800ba18       0x9c ./USB_DEVICE/Target/usbd_conf.o
                0x0800ba18                HAL_PCDEx_LPM_Callback
 .text.SystemClockConfig_Resume
                0x0800bab4        0xc ./USB_DEVICE/Target/usbd_conf.o
 .text.USBD_Get_USB_Status
                0x0800bac0       0x58 ./USB_DEVICE/Target/usbd_conf.o
                0x0800bac0                USBD_Get_USB_Status
 .text.malloc   0x0800bb18       0x10 /opt/st/stm32cubeide_1.15.1/plugins/com.st.stm32cube.ide.mcu.externaltools.gnu-tools-for-stm32.12.3.rel1.linux64_1.0.100.202403111256/tools/bin/../lib/gcc/arm-none-eabi/12.3.1/../../../../arm-none-eabi/lib/thumb/v7e-m+fp/hard/libc_nano.a(libc_a-malloc.o)
                0x0800bb18                malloc
 .text.free     0x0800bb28       0x10 /opt/st/stm32cubeide_1.15.1/plugins/com.st.stm32cube.ide.mcu.externaltools.gnu-tools-for-stm32.12.3.rel1.linux64_1.0.100.202403111256/tools/bin/../lib/gcc/arm-none-eabi/12.3.1/../../../../arm-none-eabi/lib/thumb/v7e-m+fp/hard/libc_nano.a(libc_a-malloc.o)
                0x0800bb28                free
 .text.sbrk_aligned
                0x0800bb38       0x44 /opt/st/stm32cubeide_1.15.1/plugins/com.st.stm32cube.ide.mcu.externaltools.gnu-tools-for-stm32.12.3.rel1.linux64_1.0.100.202403111256/tools/bin/../lib/gcc/arm-none-eabi/12.3.1/../../../../arm-none-eabi/lib/thumb/v7e-m+fp/hard/libc_nano.a(libc_a-mallocr.o)
 .text._malloc_r
                0x0800bb7c      0x100 /opt/st/stm32cubeide_1.15.1/plugins/com.st.stm32cube.ide.mcu.externaltools.gnu-tools-for-stm32.12.3.rel1.linux64_1.0.100.202403111256/tools/bin/../lib/gcc/arm-none-eabi/12.3.1/../../../../arm-none-eabi/lib/thumb/v7e-m+fp/hard/libc_nano.a(libc_a-mallocr.o)
                0x0800bb7c                _malloc_r
 .text.__malloc_lock
                0x0800bc7c        0xc /opt/st/stm32cubeide_1.15.1/plugins/com.st.stm32cube.ide.mcu.externaltools.gnu-tools-for-stm32.12.3.rel1.linux64_1.0.100.202403111256/tools/bin/../lib/gcc/arm-none-eabi/12.3.1/../../../../arm-none-eabi/lib/thumb/v7e-m+fp/hard/libc_nano.a(libc_a-mlock.o)
                0x0800bc7c                __malloc_lock
 .text.__malloc_unlock
                0x0800bc88        0xc /opt/st/stm32cubeide_1.15.1/plugins/com.st.stm32cube.ide.mcu.externaltools.gnu-tools-for-stm32.12.3.rel1.linux64_1.0.100.202403111256/tools/bin/../lib/gcc/arm-none-eabi/12.3.1/../../../../arm-none-eabi/lib/thumb/v7e-m+fp/hard/libc_nano.a(libc_a-mlock.o)
                0x0800bc88                __malloc_unlock
 .text.memset   0x0800bc94       0x10 /opt/st/stm32cubeide_1.15.1/plugins/com.st.stm32cube.ide.mcu.externaltools.gnu-tools-for-stm32.12.3.rel1.linux64_1.0.100.202403111256/tools/bin/../lib/gcc/arm-none-eabi/12.3.1/../../../../arm-none-eabi/lib/thumb/v7e-m+fp/hard/libc_nano.a(libc_a-memset.o)
                0x0800bc94                memset
 .text._reclaim_reent
                0x0800bca4       0xac /opt/st/stm32cubeide_1.15.1/plugins/com.st.stm32cube.ide.mcu.externaltools.gnu-tools-for-stm32.12.3.rel1.linux64_1.0.100.202403111256/tools/bin/../lib/gcc/arm-none-eabi/12.3.1/../../../../arm-none-eabi/lib/thumb/v7e-m+fp/hard/libc_nano.a(libc_a-reent.o)
                0x0800bca4                _reclaim_reent
 .text._sbrk_r  0x0800bd50       0x20 /opt/st/stm32cubeide_1.15.1/plugins/com.st.stm32cube.ide.mcu.externaltools.gnu-tools-for-stm32.12.3.rel1.linux64_1.0.100.202403111256/tools/bin/../lib/gcc/arm-none-eabi/12.3.1/../../../../arm-none-eabi/lib/thumb/v7e-m+fp/hard/libc_nano.a(libc_a-sbrkr.o)
                0x0800bd50                _sbrk_r
 .text.__errno  0x0800bd70        0xc /opt/st/stm32cubeide_1.15.1/plugins/com.st.stm32cube.ide.mcu.externaltools.gnu-tools-for-stm32.12.3.rel1.linux64_1.0.100.202403111256/tools/bin/../lib/gcc/arm-none-eabi/12.3.1/../../../../arm-none-eabi/lib/thumb/v7e-m+fp/hard/libc_nano.a(libc_a-errno.o)
                0x0800bd70                __errno
 .text.__libc_init_array
                0x0800bd7c       0x48 /opt/st/stm32cubeide_1.15.1/plugins/com.st.stm32cube.ide.mcu.externaltools.gnu-tools-for-stm32.12.3.rel1.linux64_1.0.100.202403111256/tools/bin/../lib/gcc/arm-none-eabi/12.3.1/../../../../arm-none-eabi/lib/thumb/v7e-m+fp/hard/libc_nano.a(libc_a-init.o)
                0x0800bd7c                __libc_init_array
 .text.__retarget_lock_acquire_recursive
                0x0800bdc4        0x2 /opt/st/stm32cubeide_1.15.1/plugins/com.st.stm32cube.ide.mcu.externaltools.gnu-tools-for-stm32.12.3.rel1.linux64_1.0.100.202403111256/tools/bin/../lib/gcc/arm-none-eabi/12.3.1/../../../../arm-none-eabi/lib/thumb/v7e-m+fp/hard/libc_nano.a(libc_a-lock.o)
                0x0800bdc4                __retarget_lock_acquire_recursive
 .text.__retarget_lock_release_recursive
                0x0800bdc6        0x2 /opt/st/stm32cubeide_1.15.1/plugins/com.st.stm32cube.ide.mcu.externaltools.gnu-tools-for-stm32.12.3.rel1.linux64_1.0.100.202403111256/tools/bin/../lib/gcc/arm-none-eabi/12.3.1/../../../../arm-none-eabi/lib/thumb/v7e-m+fp/hard/libc_nano.a(libc_a-lock.o)
                0x0800bdc6                __retarget_lock_release_recursive
 .text.memcpy   0x0800bdc8       0x1c /opt/st/stm32cubeide_1.15.1/plugins/com.st.stm32cube.ide.mcu.externaltools.gnu-tools-for-stm32.12.3.rel1.linux64_1.0.100.202403111256/tools/bin/../lib/gcc/arm-none-eabi/12.3.1/../../../../arm-none-eabi/lib/thumb/v7e-m+fp/hard/libc_nano.a(libc_a-memcpy-stub.o)
                0x0800bdc8                memcpy
 .text._free_r  0x0800bde4       0x94 /opt/st/stm32cubeide_1.15.1/plugins/com.st.stm32cube.ide.mcu.externaltools.gnu-tools-for-stm32.12.3.rel1.linux64_1.0.100.202403111256/tools/bin/../lib/gcc/arm-none-eabi/12.3.1/../../../../arm-none-eabi/lib/thumb/v7e-m+fp/hard/libc_nano.a(libc_a-freer.o)
                0x0800bde4                _free_r
 *(.glue_7)
 .glue_7        0x0800be78        0x0 linker stubs
 *(.glue_7t)
 .glue_7t       0x0800be78        0x0 linker stubs
 *(.eh_frame)
 .eh_frame      0x0800be78        0x0 /opt/st/stm32cubeide_1.15.1/plugins/com.st.stm32cube.ide.mcu.externaltools.gnu-tools-for-stm32.12.3.rel1.linux64_1.0.100.202403111256/tools/bin/../lib/gcc/arm-none-eabi/12.3.1/thumb/v7e-m+fp/hard/crtbegin.o
 *(.init)
 .init          0x0800be78        0x4 /opt/st/stm32cubeide_1.15.1/plugins/com.st.stm32cube.ide.mcu.externaltools.gnu-tools-for-stm32.12.3.rel1.linux64_1.0.100.202403111256/tools/bin/../lib/gcc/arm-none-eabi/12.3.1/thumb/v7e-m+fp/hard/crti.o
                0x0800be78                _init
 .init          0x0800be7c        0x8 /opt/st/stm32cubeide_1.15.1/plugins/com.st.stm32cube.ide.mcu.externaltools.gnu-tools-for-stm32.12.3.rel1.linux64_1.0.100.202403111256/tools/bin/../lib/gcc/arm-none-eabi/12.3.1/thumb/v7e-m+fp/hard/crtn.o
 *(.fini)
 .fini          0x0800be84        0x4 /opt/st/stm32cubeide_1.15.1/plugins/com.st.stm32cube.ide.mcu.externaltools.gnu-tools-for-stm32.12.3.rel1.linux64_1.0.100.202403111256/tools/bin/../lib/gcc/arm-none-eabi/12.3.1/thumb/v7e-m+fp/hard/crti.o
                0x0800be84                _fini
 .fini          0x0800be88        0x8 /opt/st/stm32cubeide_1.15.1/plugins/com.st.stm32cube.ide.mcu.externaltools.gnu-tools-for-stm32.12.3.rel1.linux64_1.0.100.202403111256/tools/bin/../lib/gcc/arm-none-eabi/12.3.1/thumb/v7e-m+fp/hard/crtn.o
                0x0800be90                        . = ALIGN (0x4)
                0x0800be90                        _etext = .

.vfp11_veneer   0x0800be90        0x0
 .vfp11_veneer  0x0800be90        0x0 linker stubs

.v4_bx          0x0800be90        0x0
 .v4_bx         0x0800be90        0x0 linker stubs

.iplt           0x0800be90        0x0
 .iplt          0x0800be90        0x0 /opt/st/stm32cubeide_1.15.1/plugins/com.st.stm32cube.ide.mcu.externaltools.gnu-tools-for-stm32.12.3.rel1.linux64_1.0.100.202403111256/tools/bin/../lib/gcc/arm-none-eabi/12.3.1/thumb/v7e-m+fp/hard/crtbegin.o

.rodata         0x0800be90       0xe0
                0x0800be90                        . = ALIGN (0x4)
 *(.rodata)
 .rodata        0x0800be90        0xc ./Core/Src/main.o
 .rodata        0x0800be9c       0x35 ./Core/Src/stm32f7xx_mod.o
 *fill*         0x0800bed1        0x3 
 .rodata        0x0800bed4        0x5 ./Middlewares/Third_Party/FreeRTOS/Source/tasks.o
 *fill*         0x0800bed9        0x3 
 .rodata        0x0800bedc        0xd ./Middlewares/Third_Party/FreeRTOS/Source/timers.o
 *fill*         0x0800bee9        0x3 
 .rodata        0x0800beec       0x46 ./USB_DEVICE/App/usbd_desc.o
 *(.rodata*)
 *fill*         0x0800bf32        0x2 
 .rodata.defaultTask_attributes
                0x0800bf34       0x24 ./Core/Src/main.o
                0x0800bf34                defaultTask_attributes
 .rodata.AHBPrescTable
                0x0800bf58       0x10 ./Core/Src/system_stm32f7xx.o
                0x0800bf58                AHBPrescTable
 .rodata.APBPrescTable
                0x0800bf68        0x8 ./Core/Src/system_stm32f7xx.o
                0x0800bf68                APBPrescTable
                0x0800bf70                        . = ALIGN (0x4)

.ARM.extab      0x0800bf70        0x0
                0x0800bf70                        . = ALIGN (0x4)
 *(.ARM.extab* .gnu.linkonce.armextab.*)
                0x0800bf70                        . = ALIGN (0x4)

.ARM            0x0800bf70        0x8
                0x0800bf70                        . = ALIGN (0x4)
                0x0800bf70                        __exidx_start = .
 *(.ARM.exidx*)
 .ARM.exidx     0x0800bf70        0x8 /opt/st/stm32cubeide_1.15.1/plugins/com.st.stm32cube.ide.mcu.externaltools.gnu-tools-for-stm32.12.3.rel1.linux64_1.0.100.202403111256/tools/bin/../lib/gcc/arm-none-eabi/12.3.1/../../../../arm-none-eabi/lib/thumb/v7e-m+fp/hard/libc_nano.a(libc_a-strlen.o)
 .ARM.exidx     0x0800bf78        0x0 /opt/st/stm32cubeide_1.15.1/plugins/com.st.stm32cube.ide.mcu.externaltools.gnu-tools-for-stm32.12.3.rel1.linux64_1.0.100.202403111256/tools/bin/../lib/gcc/arm-none-eabi/12.3.1/thumb/v7e-m+fp/hard/libgcc.a(_udivmoddi4.o)
                                  0x8 (size before relaxing)
                0x0800bf78                        __exidx_end = .
                0x0800bf78                        . = ALIGN (0x4)

.preinit_array  0x0800bf78        0x0
                0x0800bf78                        . = ALIGN (0x4)
                0x0800bf78                        PROVIDE (__preinit_array_start = .)
 *(.preinit_array*)
                0x0800bf78                        PROVIDE (__preinit_array_end = .)
                0x0800bf78                        . = ALIGN (0x4)

.init_array     0x0800bf78        0x4
                0x0800bf78                        . = ALIGN (0x4)
                0x0800bf78                        PROVIDE (__init_array_start = .)
 *(SORT_BY_NAME(.init_array.*))
 *(.init_array*)
 .init_array    0x0800bf78        0x4 /opt/st/stm32cubeide_1.15.1/plugins/com.st.stm32cube.ide.mcu.externaltools.gnu-tools-for-stm32.12.3.rel1.linux64_1.0.100.202403111256/tools/bin/../lib/gcc/arm-none-eabi/12.3.1/thumb/v7e-m+fp/hard/crtbegin.o
                0x0800bf7c                        PROVIDE (__init_array_end = .)
                0x0800bf7c                        . = ALIGN (0x4)

.fini_array     0x0800bf7c        0x4
                0x0800bf7c                        . = ALIGN (0x4)
                [!provide]                        PROVIDE (__fini_array_start = .)
 *(SORT_BY_NAME(.fini_array.*))
 *(.fini_array*)
 .fini_array    0x0800bf7c        0x4 /opt/st/stm32cubeide_1.15.1/plugins/com.st.stm32cube.ide.mcu.externaltools.gnu-tools-for-stm32.12.3.rel1.linux64_1.0.100.202403111256/tools/bin/../lib/gcc/arm-none-eabi/12.3.1/thumb/v7e-m+fp/hard/crtbegin.o
                [!provide]                        PROVIDE (__fini_array_end = .)
                0x0800bf80                        . = ALIGN (0x4)
                0x0800bf80                        _sidata = LOADADDR (.data)

.rel.dyn        0x0800bf80        0x0
 .rel.iplt      0x0800bf80        0x0 /opt/st/stm32cubeide_1.15.1/plugins/com.st.stm32cube.ide.mcu.externaltools.gnu-tools-for-stm32.12.3.rel1.linux64_1.0.100.202403111256/tools/bin/../lib/gcc/arm-none-eabi/12.3.1/thumb/v7e-m+fp/hard/crtbegin.o

.data           0x20000000      0x160 load address 0x0800bf80
                0x20000000                        . = ALIGN (0x4)
                0x20000000                        _sdata = .
 *(.data)
 *(.data*)
 .data.SystemCoreClock
                0x20000000        0x4 ./Core/Src/system_stm32f7xx.o
                0x20000000                SystemCoreClock
 .data.uwTickPrio
                0x20000004        0x4 ./Drivers/STM32F7xx_HAL_Driver/Src/stm32f7xx_hal.o
                0x20000004                uwTickPrio
 .data.uwTickFreq
                0x20000008        0x1 ./Drivers/STM32F7xx_HAL_Driver/Src/stm32f7xx_hal.o
                0x20000008                uwTickFreq
 *fill*         0x20000009        0x3 
 .data.USBD_CDC_DeviceQualifierDesc
                0x2000000c        0xa ./Middlewares/ST/STM32_USB_Device_Library/Class/CDC/Src/usbd_cdc.o
 *fill*         0x20000016        0x2 
 .data.USBD_CDC
                0x20000018       0x38 ./Middlewares/ST/STM32_USB_Device_Library/Class/CDC/Src/usbd_cdc.o
                0x20000018                USBD_CDC
 .data.USBD_CDC_CfgDesc
                0x20000050       0x43 ./Middlewares/ST/STM32_USB_Device_Library/Class/CDC/Src/usbd_cdc.o
 .data.CDCInEpAdd
                0x20000093        0x1 ./Middlewares/ST/STM32_USB_Device_Library/Class/CDC/Src/usbd_cdc.o
 .data.CDCOutEpAdd
                0x20000094        0x1 ./Middlewares/ST/STM32_USB_Device_Library/Class/CDC/Src/usbd_cdc.o
 .data.CDCCmdEpAdd
                0x20000095        0x1 ./Middlewares/ST/STM32_USB_Device_Library/Class/CDC/Src/usbd_cdc.o
 *fill*         0x20000096        0x2 
 .data.uxCriticalNesting
                0x20000098        0x4 ./Middlewares/Third_Party/FreeRTOS/Source/portable/GCC/ARM_CM7/r0p1/port.o
 .data.USBD_Interface_fops_FS
                0x2000009c       0x14 ./USB_DEVICE/App/usbd_cdc_if.o
                0x2000009c                USBD_Interface_fops_FS
 .data.FS_Desc  0x200000b0       0x20 ./USB_DEVICE/App/usbd_desc.o
                0x200000b0                FS_Desc
 .data.USBD_FS_DeviceDesc
                0x200000d0       0x12 ./USB_DEVICE/App/usbd_desc.o
                0x200000d0                USBD_FS_DeviceDesc
 *fill*         0x200000e2        0x2 
 .data.USBD_FS_BOSDesc
                0x200000e4        0xc ./USB_DEVICE/App/usbd_desc.o
                0x200000e4                USBD_FS_BOSDesc
 .data.USBD_LangIDDesc
                0x200000f0        0x4 ./USB_DEVICE/App/usbd_desc.o
                0x200000f0                USBD_LangIDDesc
 .data.USBD_StringSerial
                0x200000f4       0x1a ./USB_DEVICE/App/usbd_desc.o
                0x200000f4                USBD_StringSerial
 *fill*         0x2000010e        0x2 
 .data._impure_ptr
                0x20000110        0x4 /opt/st/stm32cubeide_1.15.1/plugins/com.st.stm32cube.ide.mcu.externaltools.gnu-tools-for-stm32.12.3.rel1.linux64_1.0.100.202403111256/tools/bin/../lib/gcc/arm-none-eabi/12.3.1/../../../../arm-none-eabi/lib/thumb/v7e-m+fp/hard/libc_nano.a(libc_a-impure.o)
                0x20000110                _impure_ptr
 .data._impure_data
                0x20000114       0x4c /opt/st/stm32cubeide_1.15.1/plugins/com.st.stm32cube.ide.mcu.externaltools.gnu-tools-for-stm32.12.3.rel1.linux64_1.0.100.202403111256/tools/bin/../lib/gcc/arm-none-eabi/12.3.1/../../../../arm-none-eabi/lib/thumb/v7e-m+fp/hard/libc_nano.a(libc_a-impure.o)
                0x20000114                _impure_data
 *(.RamFunc)
 *(.RamFunc*)
                0x20000160                        . = ALIGN (0x4)
                0x20000160                        _edata = .

.igot.plt       0x20000160        0x0 load address 0x0800c0e0
 .igot.plt      0x20000160        0x0 /opt/st/stm32cubeide_1.15.1/plugins/com.st.stm32cube.ide.mcu.externaltools.gnu-tools-for-stm32.12.3.rel1.linux64_1.0.100.202403111256/tools/bin/../lib/gcc/arm-none-eabi/12.3.1/thumb/v7e-m+fp/hard/crtbegin.o
                0x20000160                        . = ALIGN (0x4)

.bss            0x20000160     0x6694 load address 0x0800c0e0
                0x20000160                        _sbss = .
                0x20000160                        __bss_start__ = _sbss
 *(.bss)
 .bss           0x20000160       0x1c /opt/st/stm32cubeide_1.15.1/plugins/com.st.stm32cube.ide.mcu.externaltools.gnu-tools-for-stm32.12.3.rel1.linux64_1.0.100.202403111256/tools/bin/../lib/gcc/arm-none-eabi/12.3.1/thumb/v7e-m+fp/hard/crtbegin.o
 *(.bss*)
 .bss.huart4    0x2000017c       0x88 ./Core/Src/main.o
                0x2000017c                huart4
 .bss.huart1    0x20000204       0x88 ./Core/Src/main.o
                0x20000204                huart1
 .bss.defaultTaskHandle
                0x2000028c        0x4 ./Core/Src/main.o
                0x2000028c                defaultTaskHandle
 .bss.htim1     0x20000290       0x4c ./Core/Src/stm32f7xx_hal_timebase_tim.o
                0x20000290                htim1
 .bss.__sbrk_heap_end
                0x200002dc        0x4 ./Core/Src/sysmem.o
 .bss.uwTick    0x200002e0        0x4 ./Drivers/STM32F7xx_HAL_Driver/Src/stm32f7xx_hal.o
                0x200002e0                uwTick
 .bss.cfgidx.0  0x200002e4        0x1 ./Middlewares/ST/STM32_USB_Device_Library/Core/Src/usbd_ctlreq.o
 *fill*         0x200002e5        0x3 
 .bss.KernelState
                0x200002e8        0x4 ./Middlewares/Third_Party/FreeRTOS/Source/CMSIS_RTOS_V2/cmsis_os2.o
 .bss.Idle_TCB  0x200002ec       0xa8 ./Middlewares/Third_Party/FreeRTOS/Source/CMSIS_RTOS_V2/cmsis_os2.o
 .bss.Idle_Stack
                0x20000394      0x200 ./Middlewares/Third_Party/FreeRTOS/Source/CMSIS_RTOS_V2/cmsis_os2.o
 .bss.Timer_TCB
                0x20000594       0xa8 ./Middlewares/Third_Party/FreeRTOS/Source/CMSIS_RTOS_V2/cmsis_os2.o
 .bss.Timer_Stack
                0x2000063c      0x400 ./Middlewares/Third_Party/FreeRTOS/Source/CMSIS_RTOS_V2/cmsis_os2.o
 .bss.xQueueRegistry
                0x20000a3c       0x40 ./Middlewares/Third_Party/FreeRTOS/Source/queue.o
                0x20000a3c                xQueueRegistry
 .bss.pxCurrentTCB
                0x20000a7c        0x4 ./Middlewares/Third_Party/FreeRTOS/Source/tasks.o
                0x20000a7c                pxCurrentTCB
 .bss.pxReadyTasksLists
                0x20000a80      0x460 ./Middlewares/Third_Party/FreeRTOS/Source/tasks.o
 .bss.xDelayedTaskList1
                0x20000ee0       0x14 ./Middlewares/Third_Party/FreeRTOS/Source/tasks.o
 .bss.xDelayedTaskList2
                0x20000ef4       0x14 ./Middlewares/Third_Party/FreeRTOS/Source/tasks.o
 .bss.pxDelayedTaskList
                0x20000f08        0x4 ./Middlewares/Third_Party/FreeRTOS/Source/tasks.o
 .bss.pxOverflowDelayedTaskList
                0x20000f0c        0x4 ./Middlewares/Third_Party/FreeRTOS/Source/tasks.o
 .bss.xPendingReadyList
                0x20000f10       0x14 ./Middlewares/Third_Party/FreeRTOS/Source/tasks.o
 .bss.xTasksWaitingTermination
                0x20000f24       0x14 ./Middlewares/Third_Party/FreeRTOS/Source/tasks.o
 .bss.uxDeletedTasksWaitingCleanUp
                0x20000f38        0x4 ./Middlewares/Third_Party/FreeRTOS/Source/tasks.o
 .bss.xSuspendedTaskList
                0x20000f3c       0x14 ./Middlewares/Third_Party/FreeRTOS/Source/tasks.o
 .bss.uxCurrentNumberOfTasks
                0x20000f50        0x4 ./Middlewares/Third_Party/FreeRTOS/Source/tasks.o
 .bss.xTickCount
                0x20000f54        0x4 ./Middlewares/Third_Party/FreeRTOS/Source/tasks.o
 .bss.uxTopReadyPriority
                0x20000f58        0x4 ./Middlewares/Third_Party/FreeRTOS/Source/tasks.o
 .bss.xSchedulerRunning
                0x20000f5c        0x4 ./Middlewares/Third_Party/FreeRTOS/Source/tasks.o
 .bss.uxPendedTicks
                0x20000f60        0x4 ./Middlewares/Third_Party/FreeRTOS/Source/tasks.o
 .bss.xYieldPending
                0x20000f64        0x4 ./Middlewares/Third_Party/FreeRTOS/Source/tasks.o
 .bss.xNumOfOverflows
                0x20000f68        0x4 ./Middlewares/Third_Party/FreeRTOS/Source/tasks.o
 .bss.uxTaskNumber
                0x20000f6c        0x4 ./Middlewares/Third_Party/FreeRTOS/Source/tasks.o
 .bss.xNextTaskUnblockTime
                0x20000f70        0x4 ./Middlewares/Third_Party/FreeRTOS/Source/tasks.o
 .bss.xIdleTaskHandle
                0x20000f74        0x4 ./Middlewares/Third_Party/FreeRTOS/Source/tasks.o
 .bss.uxSchedulerSuspended
                0x20000f78        0x4 ./Middlewares/Third_Party/FreeRTOS/Source/tasks.o
 .bss.xActiveTimerList1
                0x20000f7c       0x14 ./Middlewares/Third_Party/FreeRTOS/Source/timers.o
 .bss.xActiveTimerList2
                0x20000f90       0x14 ./Middlewares/Third_Party/FreeRTOS/Source/timers.o
 .bss.pxCurrentTimerList
                0x20000fa4        0x4 ./Middlewares/Third_Party/FreeRTOS/Source/timers.o
 .bss.pxOverflowTimerList
                0x20000fa8        0x4 ./Middlewares/Third_Party/FreeRTOS/Source/timers.o
 .bss.xTimerQueue
                0x20000fac        0x4 ./Middlewares/Third_Party/FreeRTOS/Source/timers.o
 .bss.xTimerTaskHandle
                0x20000fb0        0x4 ./Middlewares/Third_Party/FreeRTOS/Source/timers.o
 .bss.xLastTime.2
                0x20000fb4        0x4 ./Middlewares/Third_Party/FreeRTOS/Source/timers.o
 .bss.ucStaticTimerQueueStorage.1
                0x20000fb8       0xa0 ./Middlewares/Third_Party/FreeRTOS/Source/timers.o
 .bss.xStaticTimerQueue.0
                0x20001058       0x50 ./Middlewares/Third_Party/FreeRTOS/Source/timers.o
 .bss.ucMaxSysCallPriority
                0x200010a8        0x1 ./Middlewares/Third_Party/FreeRTOS/Source/portable/GCC/ARM_CM7/r0p1/port.o
 *fill*         0x200010a9        0x3 
 .bss.ulMaxPRIGROUPValue
                0x200010ac        0x4 ./Middlewares/Third_Party/FreeRTOS/Source/portable/GCC/ARM_CM7/r0p1/port.o
 .bss.ucHeap    0x200010b0     0x3c00 ./Middlewares/Third_Party/FreeRTOS/Source/portable/MemMang/heap_4.o
 .bss.xStart    0x20004cb0        0x8 ./Middlewares/Third_Party/FreeRTOS/Source/portable/MemMang/heap_4.o
 .bss.pxEnd     0x20004cb8        0x4 ./Middlewares/Third_Party/FreeRTOS/Source/portable/MemMang/heap_4.o
 .bss.xFreeBytesRemaining
                0x20004cbc        0x4 ./Middlewares/Third_Party/FreeRTOS/Source/portable/MemMang/heap_4.o
 .bss.xMinimumEverFreeBytesRemaining
                0x20004cc0        0x4 ./Middlewares/Third_Party/FreeRTOS/Source/portable/MemMang/heap_4.o
 .bss.xBlockAllocatedBit
                0x20004cc4        0x4 ./Middlewares/Third_Party/FreeRTOS/Source/portable/MemMang/heap_4.o
 .bss.hUsbDeviceFS
                0x20004cc8      0x2dc ./USB_DEVICE/App/usb_device.o
                0x20004cc8                hUsbDeviceFS
 .bss.UserRxBufferFS
                0x20004fa4      0x800 ./USB_DEVICE/App/usbd_cdc_if.o
                0x20004fa4                UserRxBufferFS
 .bss.UserTxBufferFS
                0x200057a4      0x800 ./USB_DEVICE/App/usbd_cdc_if.o
                0x200057a4                UserTxBufferFS
 .bss.USBD_StrDesc
                0x20005fa4      0x200 ./USB_DEVICE/App/usbd_desc.o
                0x20005fa4                USBD_StrDesc
 .bss.hpcd_USB_OTG_FS
                0x200061a4      0x508 ./USB_DEVICE/Target/usbd_conf.o
                0x200061a4                hpcd_USB_OTG_FS
 .bss.__malloc_sbrk_start
                0x200066ac        0x4 /opt/st/stm32cubeide_1.15.1/plugins/com.st.stm32cube.ide.mcu.externaltools.gnu-tools-for-stm32.12.3.rel1.linux64_1.0.100.202403111256/tools/bin/../lib/gcc/arm-none-eabi/12.3.1/../../../../arm-none-eabi/lib/thumb/v7e-m+fp/hard/libc_nano.a(libc_a-mallocr.o)
                0x200066ac                __malloc_sbrk_start
 .bss.__malloc_free_list
                0x200066b0        0x4 /opt/st/stm32cubeide_1.15.1/plugins/com.st.stm32cube.ide.mcu.externaltools.gnu-tools-for-stm32.12.3.rel1.linux64_1.0.100.202403111256/tools/bin/../lib/gcc/arm-none-eabi/12.3.1/../../../../arm-none-eabi/lib/thumb/v7e-m+fp/hard/libc_nano.a(libc_a-mallocr.o)
                0x200066b0                __malloc_free_list
 .bss.__sf      0x200066b4      0x138 /opt/st/stm32cubeide_1.15.1/plugins/com.st.stm32cube.ide.mcu.externaltools.gnu-tools-for-stm32.12.3.rel1.linux64_1.0.100.202403111256/tools/bin/../lib/gcc/arm-none-eabi/12.3.1/../../../../arm-none-eabi/lib/thumb/v7e-m+fp/hard/libc_nano.a(libc_a-findfp.o)
                0x200066b4                __sf
 .bss.errno     0x200067ec        0x4 /opt/st/stm32cubeide_1.15.1/plugins/com.st.stm32cube.ide.mcu.externaltools.gnu-tools-for-stm32.12.3.rel1.linux64_1.0.100.202403111256/tools/bin/../lib/gcc/arm-none-eabi/12.3.1/../../../../arm-none-eabi/lib/thumb/v7e-m+fp/hard/libc_nano.a(libc_a-reent.o)
                0x200067ec                errno
 .bss.__lock___malloc_recursive_mutex
                0x200067f0        0x1 /opt/st/stm32cubeide_1.15.1/plugins/com.st.stm32cube.ide.mcu.externaltools.gnu-tools-for-stm32.12.3.rel1.linux64_1.0.100.202403111256/tools/bin/../lib/gcc/arm-none-eabi/12.3.1/../../../../arm-none-eabi/lib/thumb/v7e-m+fp/hard/libc_nano.a(libc_a-lock.o)
                0x200067f0                __lock___malloc_recursive_mutex
 *(COMMON)
                0x200067f4                        . = ALIGN (0x4)
 *fill*         0x200067f1        0x3 
                0x200067f4                        _ebss = .
                0x200067f4                        __bss_end__ = _ebss

._user_heap_stack
                0x200067f4      0x604 load address 0x0800c0e0
                0x200067f8                        . = ALIGN (0x8)
 *fill*         0x200067f4        0x4 
                [!provide]                        PROVIDE (end = .)
                0x200067f8                        PROVIDE (_end = .)
                0x200069f8                        . = (. + _Min_Heap_Size)
 *fill*         0x200067f8      0x200 
                0x20006df8                        . = (. + _Min_Stack_Size)
 *fill*         0x200069f8      0x400 
                0x20006df8                        . = ALIGN (0x8)

/DISCARD/
 libc.a(*)
 libm.a(*)
 libgcc.a(*)

.ARM.attributes
                0x00000000       0x30
 *(.ARM.attributes)
 .ARM.attributes
                0x00000000       0x22 /opt/st/stm32cubeide_1.15.1/plugins/com.st.stm32cube.ide.mcu.externaltools.gnu-tools-for-stm32.12.3.rel1.linux64_1.0.100.202403111256/tools/bin/../lib/gcc/arm-none-eabi/12.3.1/thumb/v7e-m+fp/hard/crti.o
 .ARM.attributes
                0x00000022       0x34 /opt/st/stm32cubeide_1.15.1/plugins/com.st.stm32cube.ide.mcu.externaltools.gnu-tools-for-stm32.12.3.rel1.linux64_1.0.100.202403111256/tools/bin/../lib/gcc/arm-none-eabi/12.3.1/thumb/v7e-m+fp/hard/crtbegin.o
 .ARM.attributes
                0x00000056       0x34 ./Core/Src/main.o
 .ARM.attributes
                0x0000008a       0x34 ./Core/Src/stm32f7xx_hal_msp.o
 .ARM.attributes
                0x000000be       0x34 ./Core/Src/stm32f7xx_hal_timebase_tim.o
 .ARM.attributes
                0x000000f2       0x34 ./Core/Src/stm32f7xx_it.o
 .ARM.attributes
                0x00000126       0x34 ./Core/Src/stm32f7xx_mod.o
 .ARM.attributes
                0x0000015a       0x34 ./Core/Src/sysmem.o
 .ARM.attributes
                0x0000018e       0x34 ./Core/Src/system_stm32f7xx.o
 .ARM.attributes
                0x000001c2       0x21 ./Core/Startup/startup_stm32f746nghx.o
 .ARM.attributes
                0x000001e3       0x34 ./Drivers/STM32F7xx_HAL_Driver/Src/stm32f7xx_hal.o
 .ARM.attributes
                0x00000217       0x34 ./Drivers/STM32F7xx_HAL_Driver/Src/stm32f7xx_hal_cortex.o
 .ARM.attributes
                0x0000024b       0x34 ./Drivers/STM32F7xx_HAL_Driver/Src/stm32f7xx_hal_gpio.o
 .ARM.attributes
                0x0000027f       0x34 ./Drivers/STM32F7xx_HAL_Driver/Src/stm32f7xx_hal_pcd.o
 .ARM.attributes
                0x000002b3       0x34 ./Drivers/STM32F7xx_HAL_Driver/Src/stm32f7xx_hal_pcd_ex.o
 .ARM.attributes
                0x000002e7       0x34 ./Drivers/STM32F7xx_HAL_Driver/Src/stm32f7xx_hal_pwr_ex.o
 .ARM.attributes
                0x0000031b       0x34 ./Drivers/STM32F7xx_HAL_Driver/Src/stm32f7xx_hal_rcc.o
 .ARM.attributes
                0x0000034f       0x34 ./Drivers/STM32F7xx_HAL_Driver/Src/stm32f7xx_hal_rcc_ex.o
 .ARM.attributes
                0x00000383       0x34 ./Drivers/STM32F7xx_HAL_Driver/Src/stm32f7xx_hal_tim.o
 .ARM.attributes
                0x000003b7       0x34 ./Drivers/STM32F7xx_HAL_Driver/Src/stm32f7xx_hal_tim_ex.o
 .ARM.attributes
                0x000003eb       0x34 ./Drivers/STM32F7xx_HAL_Driver/Src/stm32f7xx_hal_uart.o
 .ARM.attributes
                0x0000041f       0x34 ./Drivers/STM32F7xx_HAL_Driver/Src/stm32f7xx_ll_usb.o
 .ARM.attributes
                0x00000453       0x34 ./Middlewares/ST/STM32_USB_Device_Library/Class/CDC/Src/usbd_cdc.o
 .ARM.attributes
                0x00000487       0x34 ./Middlewares/ST/STM32_USB_Device_Library/Core/Src/usbd_core.o
 .ARM.attributes
                0x000004bb       0x34 ./Middlewares/ST/STM32_USB_Device_Library/Core/Src/usbd_ctlreq.o
 .ARM.attributes
                0x000004ef       0x34 ./Middlewares/ST/STM32_USB_Device_Library/Core/Src/usbd_ioreq.o
 .ARM.attributes
                0x00000523       0x34 ./Middlewares/Third_Party/FreeRTOS/Source/CMSIS_RTOS_V2/cmsis_os2.o
 .ARM.attributes
                0x00000557       0x34 ./Middlewares/Third_Party/FreeRTOS/Source/list.o
 .ARM.attributes
                0x0000058b       0x34 ./Middlewares/Third_Party/FreeRTOS/Source/queue.o
 .ARM.attributes
                0x000005bf       0x34 ./Middlewares/Third_Party/FreeRTOS/Source/tasks.o
 .ARM.attributes
                0x000005f3       0x34 ./Middlewares/Third_Party/FreeRTOS/Source/timers.o
 .ARM.attributes
                0x00000627       0x34 ./Middlewares/Third_Party/FreeRTOS/Source/portable/GCC/ARM_CM7/r0p1/port.o
 .ARM.attributes
                0x0000065b       0x34 ./Middlewares/Third_Party/FreeRTOS/Source/portable/MemMang/heap_4.o
 .ARM.attributes
                0x0000068f       0x34 ./USB_DEVICE/App/usb_device.o
 .ARM.attributes
                0x000006c3       0x34 ./USB_DEVICE/App/usbd_cdc_if.o
 .ARM.attributes
                0x000006f7       0x34 ./USB_DEVICE/App/usbd_desc.o
 .ARM.attributes
                0x0000072b       0x34 ./USB_DEVICE/Target/usbd_conf.o
 .ARM.attributes
                0x0000075f       0x34 /opt/st/stm32cubeide_1.15.1/plugins/com.st.stm32cube.ide.mcu.externaltools.gnu-tools-for-stm32.12.3.rel1.linux64_1.0.100.202403111256/tools/bin/../lib/gcc/arm-none-eabi/12.3.1/../../../../arm-none-eabi/lib/thumb/v7e-m+fp/hard/libc_nano.a(libc_a-malloc.o)
 .ARM.attributes
                0x00000793       0x34 /opt/st/stm32cubeide_1.15.1/plugins/com.st.stm32cube.ide.mcu.externaltools.gnu-tools-for-stm32.12.3.rel1.linux64_1.0.100.202403111256/tools/bin/../lib/gcc/arm-none-eabi/12.3.1/../../../../arm-none-eabi/lib/thumb/v7e-m+fp/hard/libc_nano.a(libc_a-mallocr.o)
 .ARM.attributes
                0x000007c7       0x34 /opt/st/stm32cubeide_1.15.1/plugins/com.st.stm32cube.ide.mcu.externaltools.gnu-tools-for-stm32.12.3.rel1.linux64_1.0.100.202403111256/tools/bin/../lib/gcc/arm-none-eabi/12.3.1/../../../../arm-none-eabi/lib/thumb/v7e-m+fp/hard/libc_nano.a(libc_a-mlock.o)
 .ARM.attributes