../Drivers/CMSIS/Include/core_cm7.h:2229:22:SCB_EnableICache	4	static,ignoring_inline_asm
../Drivers/CMSIS/Include/core_cm7.h:2281:22:SCB_EnableDCache	24	static,ignoring_inline_asm
../Core/Src/main.c:82:5:main	8	static
../Core/Src/main.c:172:6:SystemClock_Config	88	static
../Core/Src/main.c:225:13:MX_UART4_Init	8	static
../Core/Src/main.c:260:13:MX_USART1_UART_Init	8	static
../Core/Src/main.c:295:13:MX_GPIO_Init	48	static
../Core/Src/main.c:333:6:StartDefaultTask	16	static
../Core/Src/main.c:357:6:HAL_TIM_PeriodElapsedCallback	16	static
../Core/Src/main.c:374:6:Error_Handler	4	static,ignoring_inline_asm
