../Drivers/CMSIS/Include/core_cm7.h:2229:22:SCB_EnableICache	4	static,ignoring_inline_asm
../Drivers/CMSIS/Include/core_cm7.h:2281:22:SCB_EnableDCache	24	static,ignoring_inline_asm
../Core/Src/main.c:83:5:main	8	static
../Core/Src/main.c:175:6:SystemClock_Config	88	static
../Core/Src/main.c:228:13:MX_UART4_Init	8	static
../Core/Src/main.c:263:13:MX_USART1_UART_Init	8	static
../Core/Src/main.c:298:13:MX_GPIO_Init	48	static
../Core/Src/main.c:336:6:StartDefaultTask	16	static
../Core/Src/main.c:363:6:HAL_TIM_PeriodElapsedCallback	16	static
../Core/Src/main.c:380:6:Error_Handler	4	static,ignoring_inline_asm
